Component: ARM Compiler 5.06 update 6 (build 750) Tool: armlink [4d35ed]

==============================================================================

Section Cross References

    main.o(i.main) refers to delay.o(i.delay_init) for delay_init
    main.o(i.main) refers to bsp_rtc.o(i.RTC_CheckAndConfig) for RTC_CheckAndConfig
    main.o(i.main) refers to led.o(i.Led_Init) for Led_Init
    main.o(i.main) refers to oled.o(i.OLED_init) for OLED_init
    main.o(i.main) refers to lmt70.o(i.LMT70_ad_init) for LMT70_ad_init
    main.o(i.main) refers to wheel.o(i.adc_config_Init) for adc_config_Init
    main.o(i.main) refers to bsp_exti.o(i.EXTI_Key_Config) for EXTI_Key_Config
    main.o(i.main) refers to buzzer.o(i.motor_init) for motor_init
    main.o(i.main) refers to oled.o(i.rest_screen_time_init) for rest_screen_time_init
    main.o(i.main) refers to lmt70.o(i.temp_thrshold_init) for temp_thrshold_init
    main.o(i.main) refers to task_scheduler.o(i.task_rhythm_init) for task_rhythm_init
    main.o(i.main) refers to lmt70.o(i.oled_print_temp) for oled_print_temp
    main.o(i.main) refers to bsp_rtc.o(.bss) for systmtime
    task_scheduler.o(i.TIM3_IRQHandler) refers to stm32f10x_tim.o(i.TIM_GetITStatus) for TIM_GetITStatus
    task_scheduler.o(i.TIM3_IRQHandler) refers to task_scheduler.o(i.task_rhythm) for task_rhythm
    task_scheduler.o(i.TIM3_IRQHandler) refers to task_scheduler.o(i.task_process) for task_process
    task_scheduler.o(i.TIM3_IRQHandler) refers to stm32f10x_tim.o(i.TIM_ClearITPendingBit) for TIM_ClearITPendingBit
    task_scheduler.o(i.TIM3_Int_Init) refers to stm32f10x_rcc.o(i.RCC_APB1PeriphClockCmd) for RCC_APB1PeriphClockCmd
    task_scheduler.o(i.TIM3_Int_Init) refers to stm32f10x_tim.o(i.TIM_TimeBaseInit) for TIM_TimeBaseInit
    task_scheduler.o(i.TIM3_Int_Init) refers to stm32f10x_tim.o(i.TIM_Cmd) for TIM_Cmd
    task_scheduler.o(i.TIM3_Int_Init) refers to stm32f10x_tim.o(i.TIM_ITConfig) for TIM_ITConfig
    task_scheduler.o(i.TIM3_Int_Init) refers to misc.o(i.NVIC_PriorityGroupConfig) for NVIC_PriorityGroupConfig
    task_scheduler.o(i.TIM3_Int_Init) refers to misc.o(i.NVIC_Init) for NVIC_Init
    task_scheduler.o(i.task0_entry) refers to led.o(i.Led_Set) for Led_Set
    task_scheduler.o(i.task0_entry) refers to task_scheduler.o(.data) for if_on
    task_scheduler.o(i.task1_entry) refers to clock.o(i.update_clock) for update_clock
    task_scheduler.o(i.task2_entry) refers to stm32f10x_gpio.o(i.GPIO_ReadInputDataBit) for GPIO_ReadInputDataBit
    task_scheduler.o(i.task2_entry) refers to key.o(.data) for key_1
    task_scheduler.o(i.task3_entry) refers to clock.o(i.check_alarm) for check_alarm
    task_scheduler.o(i.task4_entry) refers to lmt70.o(i.get_temp) for get_temp
    task_scheduler.o(i.task5_entry) refers to oled.o(i.oled_turn_on) for oled_turn_on
    task_scheduler.o(i.task5_entry) refers to oled.o(i.oled_turn_off) for oled_turn_off
    task_scheduler.o(i.task5_entry) refers to task_scheduler.o(.data) for oled_status
    task_scheduler.o(i.task5_entry) refers to key.o(.data) for key_1
    task_scheduler.o(i.task5_entry) refers to oled.o(.data) for rest_screen_time
    task_scheduler.o(i.task6_entry) refers to lmt70.o(i.check_temp) for check_temp
    task_scheduler.o(i.task7_entry) refers to buzzer.o(i.motor_stop) for motor_stop
    task_scheduler.o(i.task7_entry) refers to clock.o(.data) for alarm_ringing
    task_scheduler.o(i.task7_entry) refers to key.o(.data) for key_1
    task_scheduler.o(i.task_process) refers to task_scheduler.o(.data) for tasks
    task_scheduler.o(i.task_rhythm) refers to task_scheduler.o(.data) for tasks
    task_scheduler.o(i.task_rhythm_init) refers to task_scheduler.o(i.TIM3_Int_Init) for TIM3_Int_Init
    task_scheduler.o(.data) refers to task_scheduler.o(i.task0_entry) for task0_entry
    task_scheduler.o(.data) refers to task_scheduler.o(i.task1_entry) for task1_entry
    task_scheduler.o(.data) refers to task_scheduler.o(i.task2_entry) for task2_entry
    task_scheduler.o(.data) refers to task_scheduler.o(i.task3_entry) for task3_entry
    task_scheduler.o(.data) refers to task_scheduler.o(i.task4_entry) for task4_entry
    task_scheduler.o(.data) refers to task_scheduler.o(i.task5_entry) for task5_entry
    task_scheduler.o(.data) refers to task_scheduler.o(i.task6_entry) for task6_entry
    task_scheduler.o(.data) refers to task_scheduler.o(i.task7_entry) for task7_entry
    delay.o(i.delay_init) refers to misc.o(i.SysTick_CLKSourceConfig) for SysTick_CLKSourceConfig
    delay.o(i.delay_init) refers to system_stm32f10x.o(.data) for SystemCoreClock
    delay.o(i.delay_init) refers to delay.o(.data) for fac_us
    delay.o(i.delay_ms) refers to delay.o(.data) for fac_ms
    delay.o(i.delay_us) refers to delay.o(.data) for fac_us
    led.o(i.Led_Init) refers to stm32f10x_rcc.o(i.RCC_APB2PeriphClockCmd) for RCC_APB2PeriphClockCmd
    led.o(i.Led_Init) refers to stm32f10x_gpio.o(i.GPIO_PinRemapConfig) for GPIO_PinRemapConfig
[...]
    .ARM.Collect$$rtexit$$00000003           0x0800017c   Section        4  rtexit2.o(.ARM.Collect$$rtexit$$00000003)
    .ARM.Collect$$rtexit$$00000004           0x08000180   Section        6  rtexit2.o(.ARM.Collect$$rtexit$$00000004)
    .text                                    0x08000188   Section       64  startup_stm32f10x_md.o(.text)
    .text                                    0x080001c8   Section      100  rt_memcpy_w.o(.text)
    .text                                    0x0800022c   Section        0  heapauxi.o(.text)
    .text                                    0x08000232   Section       74  sys_stackheap_outer.o(.text)
    .text                                    0x0800027c   Section        0  exit.o(.text)
    .text                                    0x08000290   Section        8  libspace.o(.text)
    .text                                    0x08000298   Section        0  sys_exit.o(.text)
    .text                                    0x080002a4   Section        2  use_no_semi.o(.text)
    .text                                    0x080002a6   Section        0  indicate_semi.o(.text)
    i.ADC_Cmd                                0x080002a6   Section        0  stm32f10x_adc.o(i.ADC_Cmd)
    i.ADC_GetCalibrationStatus               0x080002bc   Section        0  stm32f10x_adc.o(i.ADC_GetCalibrationStatus)
    i.ADC_GetConversionValue                 0x080002d0   Section        0  stm32f10x_adc.o(i.ADC_GetConversionValue)
    i.ADC_GetFlagStatus                      0x080002d8   Section        0  stm32f10x_adc.o(i.ADC_GetFlagStatus)
    i.ADC_GetResetCalibrationStatus          0x080002ea   Section        0  stm32f10x_adc.o(i.ADC_GetResetCalibrationStatus)
    i.ADC_Init                               0x08000300   Section        0  stm32f10x_adc.o(i.ADC_Init)
    i.ADC_RegularChannelConfig               0x08000350   Section        0  stm32f10x_adc.o(i.ADC_RegularChannelConfig)
    i.ADC_ResetCalibration                   0x08000408   Section        0  stm32f10x_adc.o(i.ADC_ResetCalibration)
    i.ADC_SoftwareStartConvCmd               0x08000412   Section        0  stm32f10x_adc.o(i.ADC_SoftwareStartConvCmd)
    i.ADC_StartCalibration                   0x08000428   Section        0  stm32f10x_adc.o(i.ADC_StartCalibration)
    i.BKP_DeInit                             0x08000432   Section        0  stm32f10x_bkp.o(i.BKP_DeInit)
    i.BKP_ReadBackupRegister                 0x08000444   Section        0  stm32f10x_bkp.o(i.BKP_ReadBackupRegister)
    i.BKP_WriteBackupRegister                0x08000460   Section        0  stm32f10x_bkp.o(i.BKP_WriteBackupRegister)
    i.BusFault_Handler                       0x0800047c   Section        0  stm32f10x_it.o(i.BusFault_Handler)
    i.DebugMon_Handler                       0x08000480   Section        0  stm32f10x_it.o(i.DebugMon_Handler)
    i.EXTI0_IRQHandler                       0x08000484   Section        0  bsp_exti.o(i.EXTI0_IRQHandler)
    i.EXTI_ClearITPendingBit                 0x080004a4   Section        0  stm32f10x_exti.o(i.EXTI_ClearITPendingBit)
    i.EXTI_GetITStatus                       0x080004b0   Section        0  stm32f10x_exti.o(i.EXTI_GetITStatus)
    i.EXTI_Init                              0x080004d8   Section        0  stm32f10x_exti.o(i.EXTI_Init)
    i.EXTI_Key_Config                        0x0800056c   Section        0  bsp_exti.o(i.EXTI_Key_Config)
    i.GPIO_EXTILineConfig                    0x080005b8   Section        0  stm32f10x_gpio.o(i.GPIO_EXTILineConfig)
    i.GPIO_Init                              0x080005f8   Section        0  stm32f10x_gpio.o(i.GPIO_Init)
    i.GPIO_PinRemapConfig                    0x08000710   Section        0  stm32f10x_gpio.o(i.GPIO_PinRemapConfig)
    i.GPIO_ReadInputDataBit                  0x080007a0   Section        0  stm32f10x_gpio.o(i.GPIO_ReadInputDataBit)
    i.GPIO_ResetBits                         0x080007b2   Section        0  stm32f10x_gpio.o(i.GPIO_ResetBits)
    i.GPIO_SetBits                           0x080007b6   Section        0  stm32f10x_gpio.o(i.GPIO_SetBits)
    i.Get_Adc                                0x080007bc   Section        0  wheel.o(i.Get_Adc)
    i.Get_Adc_Average                        0x080007f0   Section        0  wheel.o(i.Get_Adc_Average)
    i.Get_Adc_Average_sqr                    0x08000818   Section        0  lmt70.o(i.Get_Adc_Average_sqr)
    i.Get_Adc_sqr                            0x08000844   Section        0  lmt70.o(i.Get_Adc_sqr)
    i.GregorianDay                           0x08000878   Section        0  bsp_data.o(i.GregorianDay)
    i.HardFault_Handler                      0x08000910   Section        0  stm32f10x_it.o(i.HardFault_Handler)
    i.IIC_sendbyte                           0x08000914   Section        0  oled.o(i.IIC_sendbyte)
    i.IIC_start                              0x0800095c   Section        0  oled.o(i.IIC_start)
    i.IIC_stop                               0x08000984   Section        0  oled.o(i.IIC_stop)
    i.IIC_waitack                            0x080009ac   Section        0  oled.o(i.IIC_waitack)
    i.IIC_writedata                          0x080009c4   Section        0  oled.o(i.IIC_writedata)
    i.LMT70_ad_init                          0x080009fc   Section        0  lmt70.o(i.LMT70_ad_init)
    i.Led_Init                               0x08000a88   Section        0  led.o(i.Led_Init)
    i.Led_Set                                0x08000bdc   Section        0  led.o(i.Led_Set)
    i.MemManage_Handler                      0x08000ce4   Section        0  stm32f10x_it.o(i.MemManage_Handler)
    i.NMI_Handler                            0x08000ce8   Section        0  stm32f10x_it.o(i.NMI_Handler)
    i.NVIC_Configuration                     0x08000cea   Section        0  bsp_exti.o(i.NVIC_Configuration)
    NVIC_Configuration                       0x08000ceb   Thumb Code    50  bsp_exti.o(i.NVIC_Configuration)
    i.NVIC_Init                              0x08000d1c   Section        0  misc.o(i.NVIC_Init)
    i.NVIC_PriorityGroupConfig               0x08000d8c   Section        0  misc.o(i.NVIC_PriorityGroupConfig)
    i.OLED_Temperature                       0x08000da0   Section        0  oled.o(i.OLED_Temperature)
    i.OLED_Time                              0x08000ef4   Section        0  oled.o(i.OLED_Time)
    i.OLED_clear                             0x08001190   Section        0  oled.o(i.OLED_clear)
    i.OLED_init                              0x080011cc   Section        0  oled.o(i.OLED_init)
    i.OLED_setpos                            0x080012e0   Section        0  oled.o(i.OLED_setpos)
    i.OLED_show6x8char                       0x0800130c   Section        0  oled.o(i.OLED_show6x8char)
    i.OLED_show6x8string                     0x08001348   Section        0  oled.o(i.OLED_show6x8string)
    i.OLED_show6x8string_inverse             0x08001390   Section        0  oled.o(i.OLED_show6x8string_inverse)
    i.OLED_show8x16char                      0x080013dc   Section        0  oled.o(i.OLED_show8x16char)
    i.OLED_show8x16char_inverse              0x0800143c   Section        0  oled.o(i.OLED_show8x16char_inverse)
    i.OLED_show8x16string                    0x080014a4   Section        0  oled.o(i.OLED_show8x16string)
    i.PWR_BackupAccessCmd                    0x0800151c   Section        0  stm32f10x_pwr.o(i.PWR_BackupAccessCmd)
    i.PWR_EnterSTOPMode                      0x08001528   Section        0  stm32f10x_pwr.o(i.PWR_EnterSTOPMode)
    i.PendSV_Handler                         0x08001568   Section        0  stm32f10x_it.o(i.PendSV_Handler)
    i.RCC_ADCCLKConfig                       0x0800156c   Section        0  stm32f10x_rcc.o(i.RCC_ADCCLKConfig)
    i.RCC_APB1PeriphClockCmd                 0x08001584   Section        0  stm32f10x_rcc.o(i.RCC_APB1PeriphClockCmd)
    i.RCC_APB2PeriphClockCmd                 0x080015a4   Section        0  stm32f10x_rcc.o(i.RCC_APB2PeriphClockCmd)
    i.RCC_BackupResetCmd                     0x080015c4   Section        0  stm32f10x_rcc.o(i.RCC_BackupResetCmd)
    i.RCC_ClearFlag                          0x080015d0   Section        0  stm32f10x_rcc.o(i.RCC_ClearFlag)
    i.RCC_GetFlagStatus                      0x080015e4   Section        0  stm32f10x_rcc.o(i.RCC_GetFlagStatus)
    i.RCC_GetSYSCLKSource                    0x08001620   Section        0  stm32f10x_rcc.o(i.RCC_GetSYSCLKSource)
    i.RCC_HSEConfig                          0x08001630   Section        0  stm32f10x_rcc.o(i.RCC_HSEConfig)
    i.RCC_LSEConfig                          0x0800167c   Section        0  stm32f10x_rcc.o(i.RCC_LSEConfig)
    i.RCC_PLLCmd                             0x080016b0   Section        0  stm32f10x_rcc.o(i.RCC_PLLCmd)
    i.RCC_RTCCLKCmd                          0x080016bc   Section        0  stm32f10x_rcc.o(i.RCC_RTCCLKCmd)
    i.RCC_RTCCLKConfig                       0x080016c8   Section        0  stm32f10x_rcc.o(i.RCC_RTCCLKConfig)
    i.RCC_SYSCLKConfig                       0x080016d8   Section        0  stm32f10x_rcc.o(i.RCC_SYSCLKConfig)
    i.RTC_CheckAndConfig                     0x080016f0   Section        0  bsp_rtc.o(i.RTC_CheckAndConfig)
    i.RTC_Configuration                      0x08001740   Section        0  bsp_rtc.o(i.RTC_Configuration)
    i.RTC_EnterConfigMode                    0x08001790   Section        0  stm32f10x_rtc.o(i.RTC_EnterConfigMode)
    i.RTC_ExitConfigMode                     0x080017a4   Section        0  stm32f10x_rtc.o(i.RTC_ExitConfigMode)
    i.RTC_GetCounter                         0x080017b8   Section        0  stm32f10x_rtc.o(i.RTC_GetCounter)
    i.RTC_SetCounter                         0x080017cc   Section        0  stm32f10x_rtc.o(i.RTC_SetCounter)
    i.RTC_SetPrescaler                       0x080017e8   Section        0  stm32f10x_rtc.o(i.RTC_SetPrescaler)
    i.RTC_WaitForLastTask                    0x08001808   Section        0  stm32f10x_rtc.o(i.RTC_WaitForLastTask)
    i.RTC_WaitForSynchro                     0x0800181c   Section        0  stm32f10x_rtc.o(i.RTC_WaitForSynchro)
    i.SVC_Handler                            0x08001840   Section        0  stm32f10x_it.o(i.SVC_Handler)
    i.SYSCLKConfig_STOP                      0x08001842   Section        0  bsp_exti.o(i.SYSCLKConfig_STOP)
    i.SetSysClock                            0x0800187c   Section        0  system_stm32f10x.o(i.SetSysClock)
    SetSysClock                              0x0800187d   Thumb Code     8  system_stm32f10x.o(i.SetSysClock)
    i.SetSysClockTo72                        0x08001884   Section        0  system_stm32f10x.o(i.SetSysClockTo72)
    SetSysClockTo72                          0x08001885   Thumb Code   214  system_stm32f10x.o(i.SetSysClockTo72)
    i.SysTick_CLKSourceConfig                0x08001964   Section        0  misc.o(i.SysTick_CLKSourceConfig)
    i.SysTick_Handler                        0x0800198c   Section        0  stm32f10x_it.o(i.SysTick_Handler)
    i.SystemInit                             0x08001990   Section        0  system_stm32f10x.o(i.SystemInit)
    i.TIM3_IRQHandler                        0x080019f0   Section        0  task_scheduler.o(i.TIM3_IRQHandler)
    i.TIM3_Int_Init                          0x08001a14   Section        0  task_scheduler.o(i.TIM3_Int_Init)
    TIM3_Int_Init                            0x08001a15   Thumb Code    98  task_scheduler.o(i.TIM3_Int_Init)
    i.TIM_ClearITPendingBit                  0x08001a7c   Section        0  stm32f10x_tim.o(i.TIM_ClearITPendingBit)
    i.TIM_Cmd                                0x08001a82   Section        0  stm32f10x_tim.o(i.TIM_Cmd)
    i.TIM_GetITStatus                        0x08001a9a   Section        0  stm32f10x_tim.o(i.TIM_GetITStatus)
    i.TIM_ITConfig                           0x08001abc   Section        0  stm32f10x_tim.o(i.TIM_ITConfig)
    i.TIM_TimeBaseInit                       0x08001ad0   Section        0  stm32f10x_tim.o(i.TIM_TimeBaseInit)
    i.Time_Adjust                            0x08001b74   Section        0  bsp_rtc.o(i.Time_Adjust)
    i.UsageFault_Handler                     0x08001b9c   Section        0  stm32f10x_it.o(i.UsageFault_Handler)
    i.adc_config_Init                        0x08001ba0   Section        0  wheel.o(i.adc_config_Init)
    i.adc_gpio_Init                          0x08001c10   Section        0  wheel.o(i.adc_gpio_Init)
    i.check_alarm                            0x08001c34   Section        0  clock.o(i.check_alarm)
    i.check_temp                             0x08001cb4   Section        0  lmt70.o(i.check_temp)
    i.clock_menu                             0x08001ce4   Section        0  clock.o(i.clock_menu)
    i.delay_init                             0x08001d40   Section        0  delay.o(i.delay_init)
    i.draw_coordinate                        0x08001d84   Section        0  oled.o(i.draw_coordinate)
    i.draw_real_temp_line                    0x08001e54   Section        0  lmt70.o(i.draw_real_temp_line)
    i.get_temp                               0x0800219c   Section        0  lmt70.o(i.get_temp)
    i.get_time                               0x08002274   Section        0  bsp_rtc.o(i.get_time)
    i.get_wheel_position                     0x08002288   Section        0  wheel.o(i.get_wheel_position)
    i.main                                   0x080022a4   Section        0  main.o(i.main)
    i.menu_active                            0x080022ec   Section        0  menu.o(i.menu_active)
    i.mktimev                                0x08002398   Section        0  bsp_data.o(i.mktimev)
    i.motor_init                             0x08002414   Section        0  buzzer.o(i.motor_init)
    i.motor_shake                            0x0800244c   Section        0  buzzer.o(i.motor_shake)
    i.motor_stop                             0x08002460   Section        0  buzzer.o(i.motor_stop)
    i.oled_draw_clock                        0x08002474   Section        0  clock.o(i.oled_draw_clock)
    i.oled_gram_dot_update                   0x08002540   Section        0  oled.o(i.oled_gram_dot_update)
    oled_gram_dot_update                     0x08002541   Thumb Code    92  oled.o(i.oled_gram_dot_update)
    i.oled_gram_line_update                  0x080025a0   Section        0  oled.o(i.oled_gram_line_update)
    i.oled_print_temp                        0x08002678   Section        0  lmt70.o(i.oled_print_temp)
    i.oled_turn_off                          0x080026bc   Section        0  oled.o(i.oled_turn_off)
    i.oled_turn_on                           0x080026d8   Section        0  oled.o(i.oled_turn_on)
    i.rest_screen_time_init                  0x080026f4   Section        0  oled.o(i.rest_screen_time_init)
    i.set_LPR_mode                           0x08002700   Section        0  bsp_exti.o(i.set_LPR_mode)
    i.set_alarm_clock                        0x0800275c   Section        0  clock.o(i.set_alarm_clock)
    i.set_clock                              0x08002a5c   Section        0  clock.o(i.set_clock)
    i.set_rest_screen_time                   0x08002d60   Section        0  oled.o(i.set_rest_screen_time)
    i.set_temp_threshold                     0x08002f14   Section        0  lmt70.o(i.set_temp_threshold)
    i.task0_entry                            0x080031b8   Section        0  task_scheduler.o(i.task0_entry)
    i.task1_entry                            0x080031e8   Section        0  task_scheduler.o(i.task1_entry)
    i.task2_entry                            0x080031f4   Section        0  task_scheduler.o(i.task2_entry)
    i.task3_entry                            0x0800324c   Section        0  task_scheduler.o(i.task3_entry)
    i.task4_entry                            0x08003256   Section        0  task_scheduler.o(i.task4_entry)
    i.task5_entry                            0x08003260   Section        0  task_scheduler.o(i.task5_entry)
    i.task6_entry                            0x080032f0   Section        0  task_scheduler.o(i.task6_entry)
    i.task7_entry                            0x080032fc   Section        0  task_scheduler.o(i.task7_entry)
    i.task_process                           0x08003328   Section        0  task_scheduler.o(i.task_process)
    i.task_rhythm                            0x08003384   Section        0  task_scheduler.o(i.task_rhythm)
    i.task_rhythm_init                       0x080033f8   Section        0  task_scheduler.o(i.task_rhythm_init)
    i.temp_que_in                            0x08003414   Section        0  lmt70.o(i.temp_que_in)
    temp_que_in                              0x08003415   Thumb Code    30  lmt70.o(i.temp_que_in)
    i.temp_thrshold_init                     0x08003438   Section        0  lmt70.o(i.temp_thrshold_init)
    i.to_tm                                  0x08003444   Section        0  bsp_data.o(i.to_tm)
    i.update_chars_alarm                     0x08003510   Section        0  clock.o(i.update_chars_alarm)
    update_chars_alarm                       0x08003511   Thumb Code   100  clock.o(i.update_chars_alarm)
    i.update_chars_time                      0x08003580   Section        0  clock.o(i.update_chars_time)
    update_chars_time                        0x08003581   Thumb Code   100  clock.o(i.update_chars_time)
    i.update_clock                           0x080035f0   Section        0  clock.o(i.update_clock)
    x$fpl$d2f                                0x08003628   Section       98  d2f.o(x$fpl$d2f)
    x$fpl$dadd                               0x0800368c   Section      336  daddsub_clz.o(x$fpl$dadd)
    _dadd1                                   0x0800369d   Thumb Code     0  daddsub_clz.o(x$fpl$dadd)
    x$fpl$ddiv                               0x080037dc   Section      688  ddiv.o(x$fpl$ddiv)
    ddiv_entry                               0x080037e3   Thumb Code     0  ddiv.o(x$fpl$ddiv)
    x$fpl$dflt                               0x08003a8c   Section       46  dflt_clz.o(x$fpl$dflt)
    x$fpl$dmul                               0x08003abc   Section      340  dmul.o(x$fpl$dmul)
    x$fpl$dnaninf                            0x08003c10   Section      156  dnaninf.o(x$fpl$dnaninf)
    x$fpl$dretinf                            0x08003cac   Section       12  dretinf.o(x$fpl$dretinf)
    x$fpl$drsb                               0x08003cb8   Section       22  daddsub_clz.o(x$fpl$drsb)
    x$fpl$dsub                               0x08003cd0   Section      468  daddsub_clz.o(x$fpl$dsub)
    _dsub1                                   0x08003ce1   Thumb Code     0  daddsub_clz.o(x$fpl$dsub)
    x$fpl$f2d                                0x08003ea4   Section       86  f2d.o(x$fpl$f2d)
    x$fpl$fadd                               0x08003efc   Section      196  faddsub_clz.o(x$fpl$fadd)
    _fadd1                                   0x08003f0b   Thumb Code     0  faddsub_clz.o(x$fpl$fadd)
    x$fpl$fcmpinf                            0x08003fc0   Section       24  fcmpi.o(x$fpl$fcmpinf)
    x$fpl$fdiv                               0x08003fd8   Section      388  fdiv.o(x$fpl$fdiv)
    _fdiv1                                   0x08003fd9   Thumb Code     0  fdiv.o(x$fpl$fdiv)
    x$fpl$feqf                               0x0800415c   Section      104  feqf.o(x$fpl$feqf)
    x$fpl$ffix                               0x080041c4   Section       54  ffix.o(x$fpl$ffix)
    x$fpl$ffixu                              0x080041fc   Section       62  ffixu.o(x$fpl$ffixu)
    x$fpl$fflt                               0x0800423c   Section       48  fflt_clz.o(x$fpl$fflt)
    x$fpl$ffltu                              0x0800426c   Section       38  fflt_clz.o(x$fpl$ffltu)
    x$fpl$fleqf                              0x08004294   Section      104  fleqf.o(x$fpl$fleqf)
    x$fpl$fmul                               0x080042fc   Section      258  fmul.o(x$fpl$fmul)
    x$fpl$fnaninf                            0x080043fe   Section      140  fnaninf.o(x$fpl$fnaninf)
    x$fpl$fretinf                            0x0800448a   Section       10  fretinf.o(x$fpl$fretinf)
    x$fpl$frleqf                             0x08004494   Section       98  frleqf.o(x$fpl$frleqf)
    x$fpl$frsb                               0x080044f6   Section       20  faddsub_clz.o(x$fpl$frsb)
    x$fpl$fsub                               0x0800450c   Section      234  faddsub_clz.o(x$fpl$fsub)
    _fsub1                                   0x0800451b   Thumb Code     0  faddsub_clz.o(x$fpl$fsub)
    x$fpl$usenofp                            0x080045f6   Section        0  usenofp.o(x$fpl$usenofp)
    .constdata                               0x080045f8   Section     3290  oled.o(.constdata)
    .constdata                               0x080052d4   Section       28  clock.o(.constdata)
    clock_menu_text                          0x080052d4   Data          28  clock.o(.constdata)
    .constdata                               0x080052f0   Section       48  bsp_data.o(.constdata)
    .conststring                             0x08005320   Section      125  clock.o(.conststring)
    .data                                    0x20000000   Section      176  task_scheduler.o(.data)
    active_task_num                          0x20000000   Data           1  task_scheduler.o(.data)
    tasks                                    0x20000004   Data         160  task_scheduler.o(.data)
    if_on                                    0x200000a4   Data           1  task_scheduler.o(.data)
    cnt                                      0x200000a8   Data           4  task_scheduler.o(.data)
    oled_status                              0x200000ac   Data           4  task_scheduler.o(.data)
    .data                                    0x200000b0   Section        4  delay.o(.data)
    fac_us                                   0x200000b0   Data           1  delay.o(.data)
    fac_ms                                   0x200000b2   Data           2  delay.o(.data)
    .data                                    0x200000b4   Section        4  oled.o(.data)
    .data                                    0x200000b8   Section        7  clock.o(.data)
    .data                                    0x200000bf   Section        2  key.o(.data)
    .data                                    0x200000c4   Section       16  lmt70.o(.data)
    temp_char                                0x200000cc   Data           4  lmt70.o(.data)
    cnt                                      0x200000d0   Data           4  lmt70.o(.data)
    .data                                    0x200000d4   Section       48  bsp_data.o(.data)
    month_days                               0x200000d4   Data          48  bsp_data.o(.data)
    .data                                    0x20000104   Section       20  system_stm32f10x.o(.data)
    .bss                                     0x20000118   Section     1024  oled.o(.bss)
    .bss                                     0x20000518   Section       96  lmt70.o(.bss)
    .bss                                     0x20000578   Section       28  bsp_rtc.o(.bss)
    .bss                                     0x20000594   Section       96  libspace.o(.bss)
    HEAP                                     0x200005f8   Section      512  startup_stm32f10x_md.o(HEAP)
    Heap_Mem                                 0x200005f8   Data         512  startup_stm32f10x_md.o(HEAP)
    STACK                                    0x200007f8   Section     1024  startup_stm32f10x_md.o(STACK)
    Stack_Mem                                0x200007f8   Data        1024  startup_stm32f10x_md.o(STACK)
    __initial_sp                             0x20000bf8   Data           0  startup_stm32f10x_md.o(STACK)

    Global Symbols

    Symbol Name                              Value     Ov Type        Size  Object(Section)

    BuildAttributes$$THM_ISAv4$P$D$K$B$S$PE$A:L22UL41UL21$X:L11$S22US41US21$IEEE1$IW$USESV6$~STKCKD$USESV7$~SHL$OSPACE$ROPI$EBA8$UX$STANDARDLIB$REQ8$PRES8$EABIv2 0x00000000   Number         0  anon$$obj.o ABSOLUTE
    __ARM_use_no_argv                        0x00000000   Number         0  main.o ABSOLUTE
    __ARM_exceptions_init                     - Undefined Weak Reference
    __alloca_initialize                       - Undefined Weak Reference
    __arm_preinit_                            - Undefined Weak Reference
    __cpp_initialize__aeabi_                  - Undefined Weak Reference
    __cxa_finalize                            - Undefined Weak Reference
    __rt_locale                               - Undefined Weak Reference
    __sigvec_lookup                           - Undefined Weak Reference
    _atexit_init                              - Undefined Weak Reference
    _call_atexit_fns                          - Undefined Weak Reference
    _clock_init                               - Undefined Weak Reference
    _fp_trap_init                             - Undefined Weak Reference
    _fp_trap_shutdown                         - Undefined Weak Reference
    _get_lc_collate                           - Undefined Weak Reference
    _get_lc_ctype                             - Undefined Weak Reference
    _get_lc_monetary                          - Undefined Weak Reference
    _get_lc_numeric                           - Undefined Weak Reference
    _get_lc_time                              - Undefined Weak Reference
    _getenv_init                              - Undefined Weak Reference
    _handle_redirection                       - Undefined Weak Reference
    _init_alloc                               - Undefined Weak Reference
    _init_user_alloc                          - Undefined Weak Reference
    _initio                                   - Undefined Weak Reference
    _rand_init                                - Undefined Weak Reference
    _signal_finish                            - Undefined Weak Reference
    _signal_init                              - Undefined Weak Reference
    _terminate_alloc                          - Undefined Weak Reference
    _terminate_user_alloc                     - Undefined Weak Reference
    _terminateio                              - Undefined Weak Reference
    __Vectors_Size                           0x000000ec   Number         0  startup_stm32f10x_md.o ABSOLUTE
    __Vectors                                0x08000000   Data           4  startup_stm32f10x_md.o(RESET)
    __Vectors_End                            0x080000ec   Data           0  startup_stm32f10x_md.o(RESET)
    __main                                   0x080000ed   Thumb Code     8  __main.o(!!!main)
    __scatterload                            0x080000f5   Thumb Code     0  __scatter.o(!!!scatter)
    __scatterload_rt2                        0x080000f5   Thumb Code    44  __scatter.o(!!!scatter)
    __scatterload_rt2_thumb_only             0x080000f5   Thumb Code     0  __scatter.o(!!!scatter)
    __scatterload_null                       0x08000103   Thumb Code     0  __scatter.o(!!!scatter)
    __scatterload_copy                       0x08000129   Thumb Code    26  __scatter_copy.o(!!handler_copy)
    __scatterload_zeroinit                   0x08000145   Thumb Code    28  __scatter_zi.o(!!handler_zi)
    __rt_lib_init                            0x08000161   Thumb Code     0  libinit.o(.ARM.Collect$$libinit$$00000000)
    __rt_lib_init_alloca_1                   0x08000163   Thumb Code     0  libinit2.o(.ARM.Collect$$libinit$$0000002E)
    __rt_lib_init_argv_1                     0x08000163   Thumb Code     0  libinit2.o(.ARM.Collect$$libinit$$0000002C)
    __rt_lib_init_atexit_1                   0x08000163   Thumb Code     0  libinit2.o(.ARM.Collect$$libinit$$0000001B)
    __rt_lib_init_clock_1                    0x08000163   Thumb Code     0  libinit2.o(.ARM.Collect$$libinit$$00000021)
    __rt_lib_init_cpp_1                      0x08000163   Thumb Code     0  libinit2.o(.ARM.Collect$$libinit$$00000032)
    __rt_lib_init_exceptions_1               0x08000163   Thumb Code     0  libinit2.o(.ARM.Collect$$libinit$$00000030)
    __rt_lib_init_fp_1                       0x08000163   Thumb Code     0  libinit2.o(.ARM.Collect$$libinit$$00000002)
    __rt_lib_init_fp_trap_1                  0x08000163   Thumb Code     0  libinit2.o(.ARM.Collect$$libinit$$0000001F)
    __rt_lib_init_getenv_1                   0x08000163   Thumb Code     0  libinit2.o(.ARM.Collect$$libinit$$00000023)
    __rt_lib_init_heap_1                     0x08000163   Thumb Code     0  libinit2.o(.ARM.Collect$$libinit$$0000000A)
    __rt_lib_init_lc_collate_1               0x08000163   Thumb Code     0  libinit2.o(.ARM.Collect$$libinit$$00000011)
    __rt_lib_init_lc_ctype_1                 0x08000163   Thumb Code     0  libinit2.o(.ARM.Collect$$libinit$$00000013)
    __rt_lib_init_lc_monetary_1              0x08000163   Thumb Code     0  libinit2.o(.ARM.Collect$$libinit$$00000015)
    __rt_lib_init_lc_numeric_1               0x08000163   Thumb Code     0  libinit2.o(.ARM.Collect$$libinit$$00000017)
    __rt_lib_init_lc_time_1                  0x08000163   Thumb Code     0  libinit2.o(.ARM.Collect$$libinit$$00000019)
    __rt_lib_init_preinit_1                  0x08000163   Thumb Code     0  libinit2.o(.ARM.Collect$$libinit$$00000004)
    __rt_lib_init_rand_1                     0x08000163   Thumb Code     0  libinit2.o(.ARM.Collect$$libinit$$0000000E)
    __rt_lib_init_return                     0x08000163   Thumb Code     0  libinit2.o(.ARM.Collect$$libinit$$00000033)
    __rt_lib_init_signal_1                   0x08000163   Thumb Code     0  libinit2.o(.ARM.Collect$$libinit$$0000001D)
    __rt_lib_init_stdio_1                    0x08000163   Thumb Code     0  libinit2.o(.ARM.Collect$$libinit$$00000025)
    __rt_lib_init_user_alloc_1               0x08000163   Thumb Code     0  libinit2.o(.ARM.Collect$$libinit$$0000000C)
    __rt_lib_shutdown                        0x08000165   Thumb Code     0  libshutdown.o(.ARM.Collect$$libshutdown$$00000000)
    __rt_lib_shutdown_cpp_1                  0x08000167   Thumb Code     0  libshutdown2.o(.ARM.Collect$$libshutdown$$00000002)
    __rt_lib_shutdown_fp_trap_1              0x08000167   Thumb Code     0  libshutdown2.o(.ARM.Collect$$libshutdown$$00000007)
    __rt_lib_shutdown_heap_1                 0x08000167   Thumb Code     0  libshutdown2.o(.ARM.Collect$$libshutdown$$0000000F)
    __rt_lib_shutdown_return                 0x08000167   Thumb Code     0  libshutdown2.o(.ARM.Collect$$libshutdown$$00000010)
    __rt_lib_shutdown_signal_1               0x08000167   Thumb Code     0  libshutdown2.o(.ARM.Collect$$libshutdown$$0000000A)
    __rt_lib_shutdown_stdio_1                0x08000167   Thumb Code     0  libshutdown2.o(.ARM.Collect$$libshutdown$$00000004)
    __rt_lib_shutdown_user_alloc_1           0x08000167   Thumb Code     0  libshutdown2.o(.ARM.Collect$$libshutdown$$0000000C)
    __rt_entry                               0x08000169   Thumb Code     0  __rtentry.o(.ARM.Collect$$rtentry$$00000000)
    __rt_entry_presh_1                       0x08000169   Thumb Code     0  __rtentry2.o(.ARM.Collect$$rtentry$$00000002)
    __rt_entry_sh                            0x08000169   Thumb Code     0  __rtentry4.o(.ARM.Collect$$rtentry$$00000004)
    __rt_entry_li                            0x0800016f   Thumb Code     0  __rtentry2.o(.ARM.Collect$$rtentry$$0000000A)
    __rt_entry_postsh_1                      0x0800016f   Thumb Code     0  __rtentry2.o(.ARM.Collect$$rtentry$$00000009)
    __rt_entry_main                          0x08000173   Thumb Code     0  __rtentry2.o(.ARM.Collect$$rtentry$$0000000D)
    __rt_entry_postli_1                      0x08000173   Thumb Code     0  __rtentry2.o(.ARM.Collect$$rtentry$$0000000C)
    __rt_exit                                0x0800017b   Thumb Code     0  rtexit.o(.ARM.Collect$$rtexit$$00000000)
    __rt_exit_ls                             0x0800017d   Thumb Code     0  rtexit2.o(.ARM.Collect$$rtexit$$00000003)
    __rt_exit_prels_1                        0x0800017d   Thumb Code     0  rtexit2.o(.ARM.Collect$$rtexit$$00000002)
    __rt_exit_exit                           0x08000181   Thumb Code     0  rtexit2.o(.ARM.Collect$$rtexit$$00000004)
    Reset_Handler                            0x08000189   Thumb Code     8  startup_stm32f10x_md.o(.text)
    ADC1_2_IRQHandler                        0x080001a3   Thumb Code     0  startup_stm32f10x_md.o(.text)
    CAN1_RX1_IRQHandler                      0x080001a3   Thumb Code     0  startup_stm32f10x_md.o(.text)
    CAN1_SCE_IRQHandler                      0x080001a3   Thumb Code     0  startup_stm32f10x_md.o(.text)
    DMA1_Channel1_IRQHandler                 0x080001a3   Thumb Code     0  startup_stm32f10x_md.o(.text)
    DMA1_Channel2_IRQHandler                 0x080001a3   Thumb Code     0  startup_stm32f10x_md.o(.text)
    DMA1_Channel3_IRQHandler                 0x080001a3   Thumb Code     0  startup_stm32f10x_md.o(.text)
    DMA1_Channel4_IRQHandler                 0x080001a3   Thumb Code     0  startup_stm32f10x_md.o(.text)
    DMA1_Channel5_IRQHandler                 0x080001a3   Thumb Code     0  startup_stm32f10x_md.o(.text)
    DMA1_Channel6_IRQHandler                 0x080001a3   Thumb Code     0  startup_stm32f10x_md.o(.text)
    DMA1_Channel7_IRQHandler                 0x080001a3   Thumb Code     0  startup_stm32f10x_md.o(.text)
    EXTI15_10_IRQHandler                     0x080001a3   Thumb Code     0  startup_stm32f10x_md.o(.text)
    EXTI1_IRQHandler                         0x080001a3   Thumb Code     0  startup_stm32f10x_md.o(.text)
    EXTI2_IRQHandler                         0x080001a3   Thumb Code     0  startup_stm32f10x_md.o(.text)
    EXTI3_IRQHandler                         0x080001a3   Thumb Code     0  startup_stm32f10x_md.o(.text)
    EXTI4_IRQHandler                         0x080001a3   Thumb Code     0  startup_stm32f10x_md.o(.text)
    EXTI9_5_IRQHandler                       0x080001a3   Thumb Code     0  startup_stm32f10x_md.o(.text)
    FLASH_IRQHandler                         0x080001a3   Thumb Code     0  startup_stm32f10x_md.o(.text)
    I2C1_ER_IRQHandler                       0x080001a3   Thumb Code     0  startup_stm32f10x_md.o(.text)
    I2C1_EV_IRQHandler                       0x080001a3   Thumb Code     0  startup_stm32f10x_md.o(.text)
    I2C2_ER_IRQHandler                       0x080001a3   Thumb Code     0  startup_stm32f10x_md.o(.text)
    I2C2_EV_IRQHandler                       0x080001a3   Thumb Code     0  startup_stm32f10x_md.o(.text)
    PVD_IRQHandler                           0x080001a3   Thumb Code     0  startup_stm32f10x_md.o(.text)
    RCC_IRQHandler                           0x080001a3   Thumb Code     0  startup_stm32f10x_md.o(.text)
    RTCAlarm_IRQHandler                      0x080001a3   Thumb Code     0  startup_stm32f10x_md.o(.text)
    RTC_IRQHandler                           0x080001a3   Thumb Code     0  startup_stm32f10x_md.o(.text)
    SPI1_IRQHandler                          0x080001a3   Thumb Code     0  startup_stm32f10x_md.o(.text)
    SPI2_IRQHandler                          0x080001a3   Thumb Code     0  startup_stm32f10x_md.o(.text)
    TAMPER_IRQHandler                        0x080001a3   Thumb Code     0  startup_stm32f10x_md.o(.text)
    TIM1_BRK_IRQHandler                      0x080001a3   Thumb Code     0  startup_stm32f10x_md.o(.text)
    TIM1_CC_IRQHandler                       0x080001a3   Thumb Code     0  startup_stm32f10x_md.o(.text)
    TIM1_TRG_COM_IRQHandler                  0x080001a3   Thumb Code     0  startup_stm32f10x_md.o(.text)
    TIM1_UP_IRQHandler                       0x080001a3   Thumb Code     0  startup_stm32f10x_md.o(.text)
    TIM2_IRQHandler                          0x080001a3   Thumb Code     0  startup_stm32f10x_md.o(.text)
    TIM4_IRQHandler                          0x080001a3   Thumb Code     0  startup_stm32f10x_md.o(.text)
    USART1_IRQHandler                        0x080001a3   Thumb Code     0  startup_stm32f10x_md.o(.text)
    USART2_IRQHandler                        0x080001a3   Thumb Code     0  startup_stm32f10x_md.o(.text)
    USART3_IRQHandler                        0x080001a3   Thumb Code     0  startup_stm32f10x_md.o(.text)
    USBWakeUp_IRQHandler                     0x080001a3   Thumb Code     0  startup_stm32f10x_md.o(.text)
    USB_HP_CAN1_TX_IRQHandler                0x080001a3   Thumb Code     0  startup_stm32f10x_md.o(.text)
    USB_LP_CAN1_RX0_IRQHandler               0x080001a3   Thumb Code     0  startup_stm32f10x_md.o(.text)
    WWDG_IRQHandler                          0x080001a3   Thumb Code     0  startup_stm32f10x_md.o(.text)
    __user_initial_stackheap                 0x080001a5   Thumb Code     0  startup_stm32f10x_md.o(.text)
    __aeabi_memcpy4                          0x080001c9   Thumb Code     0  rt_memcpy_w.o(.text)
    __aeabi_memcpy8                          0x080001c9   Thumb Code     0  rt_memcpy_w.o(.text)
    __rt_memcpy_w                            0x080001c9   Thumb Code   100  rt_memcpy_w.o(.text)
    _memcpy_lastbytes_aligned                0x08000211   Thumb Code     0  rt_memcpy_w.o(.text)
    __use_two_region_memory                  0x0800022d   Thumb Code     2  heapauxi.o(.text)
    __rt_heap_escrow$2region                 0x0800022f   Thumb Code     2  heapauxi.o(.text)
    __rt_heap_expand$2region                 0x08000231   Thumb Code     2  heapauxi.o(.text)
    __user_setup_stackheap                   0x08000233   Thumb Code    74  sys_stackheap_outer.o(.text)
    exit                                     0x0800027d   Thumb Code    18  exit.o(.text)
    __user_libspace                          0x08000291   Thumb Code     8  libspace.o(.text)
    __user_perproc_libspace                  0x08000291   Thumb Code     0  libspace.o(.text)
    __user_perthread_libspace                0x08000291   Thumb Code     0  libspace.o(.text)
    _sys_exit                                0x08000299   Thumb Code     8  sys_exit.o(.text)
    __I$use$semihosting                      0x080002a5   Thumb Code     0  use_no_semi.o(.text)
    __use_no_semihosting_swi                 0x080002a5   Thumb Code     2  use_no_semi.o(.text)
    ADC_Cmd                                  0x080002a7   Thumb Code    22  stm32f10x_adc.o(i.ADC_Cmd)
    __semihosting_library_function           0x080002a7   Thumb Code     0  indicate_semi.o(.text)
    ADC_GetCalibrationStatus                 0x080002bd   Thumb Code    20  stm32f10x_adc.o(i.ADC_GetCalibrationStatus)
    ADC_GetConversionValue                   0x080002d1   Thumb Code     8  stm32f10x_adc.o(i.ADC_GetConversionValue)
    ADC_GetFlagStatus                        0x080002d9   Thumb Code    18  stm32f10x_adc.o(i.ADC_GetFlagStatus)
    ADC_GetResetCalibrationStatus            0x080002eb   Thumb Code    20  stm32f10x_adc.o(i.ADC_GetResetCalibrationStatus)
    ADC_Init                                 0x08000301   Thumb Code    70  stm32f10x_adc.o(i.ADC_Init)
    ADC_RegularChannelConfig                 0x08000351   Thumb Code   184  stm32f10x_adc.o(i.ADC_RegularChannelConfig)
    ADC_ResetCalibration                     0x08000409   Thumb Code    10  stm32f10x_adc.o(i.ADC_ResetCalibration)
    ADC_SoftwareStartConvCmd                 0x08000413   Thumb Code    22  stm32f10x_adc.o(i.ADC_SoftwareStartConvCmd)
    ADC_StartCalibration                     0x08000429   Thumb Code    10  stm32f10x_adc.o(i.ADC_StartCalibration)
    BKP_DeInit                               0x08000433   Thumb Code    16  stm32f10x_bkp.o(i.BKP_DeInit)
    BKP_ReadBackupRegister                   0x08000445   Thumb Code    24  stm32f10x_bkp.o(i.BKP_ReadBackupRegister)
    BKP_WriteBackupRegister                  0x08000461   Thumb Code    22  stm32f10x_bkp.o(i.BKP_WriteBackupRegister)
    BusFault_Handler                         0x0800047d   Thumb Code     4  stm32f10x_it.o(i.BusFault_Handler)
    DebugMon_Handler                         0x08000481   Thumb Code     2  stm32f10x_it.o(i.DebugMon_Handler)
    EXTI0_IRQHandler                         0x08000485   Thumb Code    26  bsp_exti.o(i.EXTI0_IRQHandler)
    EXTI_ClearITPendingBit                   0x080004a5   Thumb Code     6  stm32f10x_exti.o(i.EXTI_ClearITPendingBit)
    EXTI_GetITStatus                         0x080004b1   Thumb Code    34  stm32f10x_exti.o(i.EXTI_GetITStatus)
    EXTI_Init                                0x080004d9   Thumb Code   142  stm32f10x_exti.o(i.EXTI_Init)
    EXTI_Key_Config                          0x0800056d   Thumb Code    72  bsp_exti.o(i.EXTI_Key_Config)
    GPIO_EXTILineConfig                      0x080005b9   Thumb Code    60  stm32f10x_gpio.o(i.GPIO_EXTILineConfig)
    GPIO_Init                                0x080005f9   Thumb Code   278  stm32f10x_gpio.o(i.GPIO_Init)
    GPIO_PinRemapConfig                      0x08000711   Thumb Code   138  stm32f10x_gpio.o(i.GPIO_PinRemapConfig)
    GPIO_ReadInputDataBit                    0x080007a1   Thumb Code    18  stm32f10x_gpio.o(i.GPIO_ReadInputDataBit)
    GPIO_ResetBits                           0x080007b3   Thumb Code     4  stm32f10x_gpio.o(i.GPIO_ResetBits)
    GPIO_SetBits                             0x080007b7   Thumb Code     4  stm32f10x_gpio.o(i.GPIO_SetBits)
    Get_Adc                                  0x080007bd   Thumb Code    46  wheel.o(i.Get_Adc)
    Get_Adc_Average                          0x080007f1   Thumb Code    40  wheel.o(i.Get_Adc_Average)
    Get_Adc_Average_sqr                      0x08000819   Thumb Code    44  lmt70.o(i.Get_Adc_Average_sqr)
    Get_Adc_sqr                              0x08000845   Thumb Code    48  lmt70.o(i.Get_Adc_sqr)
    GregorianDay                             0x08000879   Thumb Code   146  bsp_data.o(i.GregorianDay)
    HardFault_Handler                        0x08000911   Thumb Code     4  stm32f10x_it.o(i.HardFault_Handler)
    IIC_sendbyte                             0x08000915   Thumb Code    68  oled.o(i.IIC_sendbyte)
    IIC_start                                0x0800095d   Thumb Code    36  oled.o(i.IIC_start)
    IIC_stop                                 0x08000985   Thumb Code    36  oled.o(i.IIC_stop)
    IIC_waitack                              0x080009ad   Thumb Code    20  oled.o(i.IIC_waitack)
    IIC_writedata                            0x080009c5   Thumb Code    56  oled.o(i.IIC_writedata)
    LMT70_ad_init                            0x080009fd   Thumb Code   132  lmt70.o(i.LMT70_ad_init)
    Led_Init                                 0x08000a89   Thumb Code   322  led.o(i.Led_Init)
    Led_Set                                  0x08000bdd   Thumb Code   252  led.o(i.Led_Set)
    MemManage_Handler                        0x08000ce5   Thumb Code     4  stm32f10x_it.o(i.MemManage_Handler)
    NMI_Handler                              0x08000ce9   Thumb Code     2  stm32f10x_it.o(i.NMI_Handler)
    NVIC_Init                                0x08000d1d   Thumb Code   100  misc.o(i.NVIC_Init)
    NVIC_PriorityGroupConfig                 0x08000d8d   Thumb Code    10  misc.o(i.NVIC_PriorityGroupConfig)
    OLED_Temperature                         0x08000da1   Thumb Code   324  oled.o(i.OLED_Temperature)
    OLED_Time                                0x08000ef5   Thumb Code   660  oled.o(i.OLED_Time)
    OLED_clear                               0x08001191   Thumb Code    60  oled.o(i.OLED_clear)
    OLED_init                                0x080011cd   Thumb Code   270  oled.o(i.OLED_init)
    OLED_setpos                              0x080012e1   Thumb Code    42  oled.o(i.OLED_setpos)
    OLED_show6x8char                         0x0800130d   Thumb Code    56  oled.o(i.OLED_show6x8char)
    OLED_show6x8string                       0x08001349   Thumb Code    66  oled.o(i.OLED_show6x8string)
    OLED_show6x8string_inverse               0x08001391   Thumb Code    70  oled.o(i.OLED_show6x8string_inverse)
    OLED_show8x16char                        0x080013dd   Thumb Code    90  oled.o(i.OLED_show8x16char)
    OLED_show8x16char_inverse                0x0800143d   Thumb Code    98  oled.o(i.OLED_show8x16char_inverse)
    OLED_show8x16string                      0x080014a5   Thumb Code   116  oled.o(i.OLED_show8x16string)
    PWR_BackupAccessCmd                      0x0800151d   Thumb Code     6  stm32f10x_pwr.o(i.PWR_BackupAccessCmd)
    PWR_EnterSTOPMode                        0x08001529   Thumb Code    54  stm32f10x_pwr.o(i.PWR_EnterSTOPMode)
    PendSV_Handler                           0x08001569   Thumb Code     2  stm32f10x_it.o(i.PendSV_Handler)
    RCC_ADCCLKConfig                         0x0800156d   Thumb Code    18  stm32f10x_rcc.o(i.RCC_ADCCLKConfig)
    RCC_APB1PeriphClockCmd                   0x08001585   Thumb Code    26  stm32f10x_rcc.o(i.RCC_APB1PeriphClockCmd)
    RCC_APB2PeriphClockCmd                   0x080015a5   Thumb Code    26  stm32f10x_rcc.o(i.RCC_APB2PeriphClockCmd)
    RCC_BackupResetCmd                       0x080015c5   Thumb Code     6  stm32f10x_rcc.o(i.RCC_BackupResetCmd)
    RCC_ClearFlag                            0x080015d1   Thumb Code    14  stm32f10x_rcc.o(i.RCC_ClearFlag)
    RCC_GetFlagStatus                        0x080015e5   Thumb Code    56  stm32f10x_rcc.o(i.RCC_GetFlagStatus)
    RCC_GetSYSCLKSource                      0x08001621   Thumb Code    10  stm32f10x_rcc.o(i.RCC_GetSYSCLKSource)
    RCC_HSEConfig                            0x08001631   Thumb Code    70  stm32f10x_rcc.o(i.RCC_HSEConfig)
    RCC_LSEConfig                            0x0800167d   Thumb Code    46  stm32f10x_rcc.o(i.RCC_LSEConfig)
    RCC_PLLCmd                               0x080016b1   Thumb Code     6  stm32f10x_rcc.o(i.RCC_PLLCmd)
    RCC_RTCCLKCmd                            0x080016bd   Thumb Code     6  stm32f10x_rcc.o(i.RCC_RTCCLKCmd)
    RCC_RTCCLKConfig                         0x080016c9   Thumb Code    12  stm32f10x_rcc.o(i.RCC_RTCCLKConfig)
    RCC_SYSCLKConfig                         0x080016d9   Thumb Code    18  stm32f10x_rcc.o(i.RCC_SYSCLKConfig)
    RTC_CheckAndConfig                       0x080016f1   Thumb Code    80  bsp_rtc.o(i.RTC_CheckAndConfig)
    RTC_Configuration                        0x08001741   Thumb Code    80  bsp_rtc.o(i.RTC_Configuration)
    RTC_EnterConfigMode                      0x08001791   Thumb Code    14  stm32f10x_rtc.o(i.RTC_EnterConfigMode)
    RTC_ExitConfigMode                       0x080017a5   Thumb Code    16  stm32f10x_rtc.o(i.RTC_ExitConfigMode)
    RTC_GetCounter                           0x080017b9   Thumb Code    16  stm32f10x_rtc.o(i.RTC_GetCounter)
    RTC_SetCounter                           0x080017cd   Thumb Code    24  stm32f10x_rtc.o(i.RTC_SetCounter)
    RTC_SetPrescaler                         0x080017e9   Thumb Code    26  stm32f10x_rtc.o(i.RTC_SetPrescaler)
    RTC_WaitForLastTask                      0x08001809   Thumb Code    16  stm32f10x_rtc.o(i.RTC_WaitForLastTask)
    RTC_WaitForSynchro                       0x0800181d   Thumb Code    30  stm32f10x_rtc.o(i.RTC_WaitForSynchro)
    SVC_Handler                              0x08001841   Thumb Code     2  stm32f10x_it.o(i.SVC_Handler)
    SYSCLKConfig_STOP                        0x08001843   Thumb Code    58  bsp_exti.o(i.SYSCLKConfig_STOP)
    SysTick_CLKSourceConfig                  0x08001965   Thumb Code    40  misc.o(i.SysTick_CLKSourceConfig)
    SysTick_Handler                          0x0800198d   Thumb Code     2  stm32f10x_it.o(i.SysTick_Handler)
    SystemInit                               0x08001991   Thumb Code    78  system_stm32f10x.o(i.SystemInit)
    TIM3_IRQHandler                          0x080019f1   Thumb Code    30  task_scheduler.o(i.TIM3_IRQHandler)
    TIM_ClearITPendingBit                    0x08001a7d   Thumb Code     6  stm32f10x_tim.o(i.TIM_ClearITPendingBit)
    TIM_Cmd                                  0x08001a83   Thumb Code    24  stm32f10x_tim.o(i.TIM_Cmd)
    TIM_GetITStatus                          0x08001a9b   Thumb Code    34  stm32f10x_tim.o(i.TIM_GetITStatus)
    TIM_ITConfig                             0x08001abd   Thumb Code    18  stm32f10x_tim.o(i.TIM_ITConfig)
    TIM_TimeBaseInit                         0x08001ad1   Thumb Code   122  stm32f10x_tim.o(i.TIM_TimeBaseInit)
    Time_Adjust                              0x08001b75   Thumb Code    40  bsp_rtc.o(i.Time_Adjust)
    UsageFault_Handler                       0x08001b9d   Thumb Code     4  stm32f10x_it.o(i.UsageFault_Handler)
    adc_config_Init                          0x08001ba1   Thumb Code   108  wheel.o(i.adc_config_Init)
    adc_gpio_Init                            0x08001c11   Thumb Code    32  wheel.o(i.adc_gpio_Init)
    check_alarm                              0x08001c35   Thumb Code    98  clock.o(i.check_alarm)
    check_temp                               0x08001cb5   Thumb Code    34  lmt70.o(i.check_temp)
    clock_menu                               0x08001ce5   Thumb Code    88  clock.o(i.clock_menu)
    delay_init                               0x08001d41   Thumb Code    50  delay.o(i.delay_init)
    draw_coordinate                          0x08001d85   Thumb Code   202  oled.o(i.draw_coordinate)
    draw_real_temp_line                      0x08001e55   Thumb Code   788  lmt70.o(i.draw_real_temp_line)
    get_temp                                 0x0800219d   Thumb Code   170  lmt70.o(i.get_temp)
    get_time                                 0x08002275   Thumb Code    20  bsp_rtc.o(i.get_time)
    get_wheel_position                       0x08002289   Thumb Code    28  wheel.o(i.get_wheel_position)
    main                                     0x080022a5   Thumb Code    62  main.o(i.main)
    menu_active                              0x080022ed   Thumb Code   162  menu.o(i.menu_active)
    mktimev                                  0x08002399   Thumb Code   120  bsp_data.o(i.mktimev)
    motor_init                               0x08002415   Thumb Code    50  buzzer.o(i.motor_init)
    motor_shake                              0x0800244d   Thumb Code    14  buzzer.o(i.motor_shake)
    motor_stop                               0x08002461   Thumb Code    14  buzzer.o(i.motor_stop)
    oled_draw_clock                          0x08002475   Thumb Code   182  clock.o(i.oled_draw_clock)
    oled_gram_line_update                    0x080025a1   Thumb Code   214  oled.o(i.oled_gram_line_update)
    oled_print_temp                          0x08002679   Thumb Code    46  lmt70.o(i.oled_print_temp)
    oled_turn_off                            0x080026bd   Thumb Code    28  oled.o(i.oled_turn_off)
    oled_turn_on                             0x080026d9   Thumb Code    28  oled.o(i.oled_turn_on)
    rest_screen_time_init                    0x080026f5   Thumb Code     6  oled.o(i.rest_screen_time_init)
    set_LPR_mode                             0x08002701   Thumb Code    56  bsp_exti.o(i.set_LPR_mode)
    set_alarm_clock                          0x0800275d   Thumb Code   746  clock.o(i.set_alarm_clock)
    set_clock                                0x08002a5d   Thumb Code   758  clock.o(i.set_clock)
    set_rest_screen_time                     0x08002d61   Thumb Code   400  oled.o(i.set_rest_screen_time)
    set_temp_threshold                       0x08002f15   Thumb Code   626  lmt70.o(i.set_temp_threshold)
    task0_entry                              0x080031b9   Thumb Code    42  task_scheduler.o(i.task0_entry)
    task1_entry                              0x080031e9   Thumb Code    10  task_scheduler.o(i.task1_entry)
    task2_entry                              0x080031f5   Thumb Code    74  task_scheduler.o(i.task2_entry)
    task3_entry                              0x0800324d   Thumb Code    10  task_scheduler.o(i.task3_entry)
    task4_entry                              0x08003257   Thumb Code    10  task_scheduler.o(i.task4_entry)
    task5_entry                              0x08003261   Thumb Code   124  task_scheduler.o(i.task5_entry)
    task6_entry                              0x080032f1   Thumb Code    10  task_scheduler.o(i.task6_entry)
    task7_entry                              0x080032fd   Thumb Code    36  task_scheduler.o(i.task7_entry)
    task_process                             0x08003329   Thumb Code    82  task_scheduler.o(i.task_process)
    task_rhythm                              0x08003385   Thumb Code   106  task_scheduler.o(i.task_rhythm)
    task_rhythm_init                         0x080033f9   Thumb Code    26  task_scheduler.o(i.task_rhythm_init)
    temp_thrshold_init                       0x08003439   Thumb Code     6  lmt70.o(i.temp_thrshold_init)
    to_tm                                    0x08003445   Thumb Code   194  bsp_data.o(i.to_tm)
    update_clock                             0x080035f1   Thumb Code    40  clock.o(i.update_clock)
    __aeabi_d2f                              0x08003629   Thumb Code     0  d2f.o(x$fpl$d2f)
    _d2f                                     0x08003629   Thumb Code    98  d2f.o(x$fpl$d2f)
    __aeabi_dadd                             0x0800368d   Thumb Code     0  daddsub_clz.o(x$fpl$dadd)
    _dadd                                    0x0800368d   Thumb Code   332  daddsub_clz.o(x$fpl$dadd)
    __aeabi_ddiv                             0x080037dd   Thumb Code     0  ddiv.o(x$fpl$ddiv)
    _ddiv                                    0x080037dd   Thumb Code   552  ddiv.o(x$fpl$ddiv)
    __aeabi_i2d                              0x08003a8d   Thumb Code     0  dflt_clz.o(x$fpl$dflt)
    _dflt                                    0x08003a8d   Thumb Code    46  dflt_clz.o(x$fpl$dflt)
    __aeabi_dmul                             0x08003abd   Thumb Code     0  dmul.o(x$fpl$dmul)
    _dmul                                    0x08003abd   Thumb Code   332  dmul.o(x$fpl$dmul)
    __fpl_dnaninf                            0x08003c11   Thumb Code   156  dnaninf.o(x$fpl$dnaninf)
    __fpl_dretinf                            0x08003cad   Thumb Code    12  dretinf.o(x$fpl$dretinf)
    __aeabi_drsub                            0x08003cb9   Thumb Code     0  daddsub_clz.o(x$fpl$drsb)
    _drsb                                    0x08003cb9   Thumb Code    22  daddsub_clz.o(x$fpl$drsb)
    __aeabi_dsub                             0x08003cd1   Thumb Code     0  daddsub_clz.o(x$fpl$dsub)
    _dsub                                    0x08003cd1   Thumb Code   464  daddsub_clz.o(x$fpl$dsub)
    __aeabi_f2d                              0x08003ea5   Thumb Code     0  f2d.o(x$fpl$f2d)
    _f2d                                     0x08003ea5   Thumb Code    86  f2d.o(x$fpl$f2d)
    __aeabi_fadd                             0x08003efd   Thumb Code     0  faddsub_clz.o(x$fpl$fadd)
    _fadd                                    0x08003efd   Thumb Code   196  faddsub_clz.o(x$fpl$fadd)
    __fpl_fcmp_Inf                           0x08003fc1   Thumb Code    24  fcmpi.o(x$fpl$fcmpinf)
    __aeabi_fdiv                             0x08003fd9   Thumb Code     0  fdiv.o(x$fpl$fdiv)
    _fdiv                                    0x08003fd9   Thumb Code   384  fdiv.o(x$fpl$fdiv)
    __aeabi_cfcmpeq                          0x0800415d   Thumb Code     0  feqf.o(x$fpl$feqf)
    _fcmpeq                                  0x0800415d   Thumb Code   104  feqf.o(x$fpl$feqf)
    __aeabi_f2iz                             0x080041c5   Thumb Code     0  ffix.o(x$fpl$ffix)
    _ffix                                    0x080041c5   Thumb Code    54  ffix.o(x$fpl$ffix)
    __aeabi_f2uiz                            0x080041fd   Thumb Code     0  ffixu.o(x$fpl$ffixu)
    _ffixu                                   0x080041fd   Thumb Code    62  ffixu.o(x$fpl$ffixu)
    __aeabi_i2f                              0x0800423d   Thumb Code     0  fflt_clz.o(x$fpl$fflt)
    _fflt                                    0x0800423d   Thumb Code    48  fflt_clz.o(x$fpl$fflt)
    __aeabi_ui2f                             0x0800426d   Thumb Code     0  fflt_clz.o(x$fpl$ffltu)
    _ffltu                                   0x0800426d   Thumb Code    38  fflt_clz.o(x$fpl$ffltu)
    __aeabi_cfcmple                          0x08004295   Thumb Code     0  fleqf.o(x$fpl$fleqf)
    _fcmple                                  0x08004295   Thumb Code   104  fleqf.o(x$fpl$fleqf)
    __fpl_fcmple_InfNaN                      0x080042e7   Thumb Code     0  fleqf.o(x$fpl$fleqf)
    __aeabi_fmul                             0x080042fd   Thumb Code     0  fmul.o(x$fpl$fmul)
    _fmul                                    0x080042fd   Thumb Code   258  fmul.o(x$fpl$fmul)
    __fpl_fnaninf                            0x080043ff   Thumb Code   140  fnaninf.o(x$fpl$fnaninf)
    __fpl_fretinf                            0x0800448b   Thumb Code    10  fretinf.o(x$fpl$fretinf)
    __aeabi_cfrcmple                         0x08004495   Thumb Code     0  frleqf.o(x$fpl$frleqf)
    _frcmple                                 0x08004495   Thumb Code    98  frleqf.o(x$fpl$frleqf)
    __aeabi_frsub                            0x080044f7   Thumb Code     0  faddsub_clz.o(x$fpl$frsb)
    _frsb                                    0x080044f7   Thumb Code    20  faddsub_clz.o(x$fpl$frsb)
    __aeabi_fsub                             0x0800450d   Thumb Code     0  faddsub_clz.o(x$fpl$fsub)
    _fsub                                    0x0800450d   Thumb Code   234  faddsub_clz.o(x$fpl$fsub)
    __I$use$fp                               0x080045f6   Number         0  usenofp.o(x$fpl$usenofp)
    char6X8                                  0x080045f8   Data         552  oled.o(.constdata)
    char8X16                                 0x08004820   Data        1520  oled.o(.constdata)
    Region$$Table$$Base                      0x080053a0   Number         0  anon$$obj.o(Region$$Table)
    Region$$Table$$Limit                     0x080053c0   Number         0  anon$$obj.o(Region$$Table)
    rest_screen_time                         0x200000b4   Data           4  oled.o(.data)
    hour                                     0x200000b8   Data           1  clock.o(.data)
    minute                                   0x200000b9   Data           1  clock.o(.data)
    second                                   0x200000ba   Data           1  clock.o(.data)
    alarm_hour                               0x200000bb   Data           1  clock.o(.data)
    alarm_minute                             0x200000bc   Data           1  clock.o(.data)
    alarm_second                             0x200000bd   Data           1  clock.o(.data)
    alarm_ringing                            0x200000be   Data           1  clock.o(.data)
    key_1                                    0x200000bf   Data           1  key.o(.data)
    key_2                                    0x200000c0   Data           1  key.o(.data)
    temp                                     0x200000c4   Data           4  lmt70.o(.data)
    temp_threshold                           0x200000c8   Data           4  lmt70.o(.data)
    SystemCoreClock                          0x20000104   Data           4  system_stm32f10x.o(.data)
    AHBPrescTable                            0x20000108   Data          16  system_stm32f10x.o(.data)
    oled_gram                                0x20000118   Data        1024  oled.o(.bss)
    temp_que                                 0x20000518   Data          56  lmt70.o(.bss)
    temp_aver                                0x20000550   Data          40  lmt70.o(.bss)
    systmtime                                0x20000578   Data          28  bsp_rtc.o(.bss)
    __libspace_start                         0x20000594   Data          96  libspace.o(.bss)
    __temporary_stack_top$libspace           0x200005f4   Data           0  libspace.o(.bss)



==============================================================================

Memory Map of the image

  Image Entry point : 0x080000ed

  Load Region LR_IROM1 (Base: 0x08000000, Size: 0x000054d8, Max: 0x00010000, ABSOLUTE)

    Execution Region ER_IROM1 (Exec base: 0x08000000, Load base: 0x08000000, Size: 0x000053c0, Max: 0x00010000, ABSOLUTE)

    Exec Addr    Load Addr    Size         Type   Attr      Idx    E Section Name        Object

    0x08000000   0x08000000   0x000000ec   Data   RO         1032    RESET               startup_stm32f10x_md.o
    0x080000ec   0x080000ec   0x00000008   Code   RO         4011  * !!!main             c_w.l(__main.o)
    0x080000f4   0x080000f4   0x00000034   Code   RO         4233    !!!scatter          c_w.l(__scatter.o)
    0x08000128   0x08000128   0x0000001a   Code   RO         4235    !!handler_copy      c_w.l(__scatter_copy.o)
    0x08000142   0x08000142   0x00000002   PAD
    0x08000144   0x08000144   0x0000001c   Code   RO         4237    !!handler_zi        c_w.l(__scatter_zi.o)
    0x08000160   0x08000160   0x00000002   Code   RO         4103    .ARM.Collect$$libinit$$00000000  c_w.l(libinit.o)
    0x08000162   0x08000162   0x00000000   Code   RO         4110    .ARM.Collect$$libinit$$00000002  c_w.l(libinit2.o)
    0x08000162   0x08000162   0x00000000   Code   RO         4112    .ARM.Collect$$libinit$$00000004  c_w.l(libinit2.o)
    0x08000162   0x08000162   0x00000000   Code   RO         4115    .ARM.Collect$$libinit$$0000000A  c_w.l(libinit2.o)
    0x08000162   0x08000162   0x00000000   Code   RO         4117    .ARM.Collect$$libinit$$0000000C  c_w.l(libinit2.o)
    0x08000162   0x08000162   0x00000000   Code   RO         4119    .ARM.Collect$$libinit$$0000000E  c_w.l(libinit2.o)
    0x08000162   0x08000162   0x00000000   Code   RO         4122    .ARM.Collect$$libinit$$00000011  c_w.l(libinit2.o)
    0x08000162   0x08000162   0x00000000   Code   RO         4124    .ARM.Collect$$libinit$$00000013  c_w.l(libinit2.o)
    0x08000162   0x08000162   0x00000000   Code   RO         4126    .ARM.Collect$$libinit$$00000015  c_w.l(libinit2.o)
    0x08000162   0x08000162   0x00000000   Code   RO         4128    .ARM.Collect$$libinit$$00000017  c_w.l(libinit2.o)
    0x08000162   0x08000162   0x00000000   Code   RO         4130    .ARM.Collect$$libinit$$00000019  c_w.l(libinit2.o)
    0x08000162   0x08000162   0x00000000   Code   RO         4132    .ARM.Collect$$libinit$$0000001B  c_w.l(libinit2.o)
    0x08000162   0x08000162   0x00000000   Code   RO         4134    .ARM.Collect$$libinit$$0000001D  c_w.l(libinit2.o)
    0x08000162   0x08000162   0x00000000   Code   RO         4136    .ARM.Collect$$libinit$$0000001F  c_w.l(libinit2.o)
    0x08000162   0x08000162   0x00000000   Code   RO         4138    .ARM.Collect$$libinit$$00000021  c_w.l(libinit2.o)
    0x08000162   0x08000162   0x00000000   Code   RO         4140    .ARM.Collect$$libinit$$00000023  c_w.l(libinit2.o)
    0x08000162   0x08000162   0x00000000   Code   RO         4142    .ARM.Collect$$libinit$$00000025  c_w.l(libinit2.o)
    0x08000162   0x08000162   0x00000000   Code   RO         4146    .ARM.Collect$$libinit$$0000002C  c_w.l(libinit2.o)
    0x08000162   0x08000162   0x00000000   Code   RO         4148    .ARM.Collect$$libinit$$0000002E  c_w.l(libinit2.o)
    0x08000162   0x08000162   0x00000000   Code   RO         4150    .ARM.Collect$$libinit$$00000030  c_w.l(libinit2.o)
    0x08000162   0x08000162   0x00000000   Code   RO         4152    .ARM.Collect$$libinit$$00000032  c_w.l(libinit2.o)
    0x08000162   0x08000162   0x00000002   Code   RO         4153    .ARM.Collect$$libinit$$00000033  c_w.l(libinit2.o)
    0x08000164   0x08000164   0x00000002   Code   RO         4173    .ARM.Collect$$libshutdown$$00000000  c_w.l(libshutdown.o)
    0x08000166   0x08000166   0x00000000   Code   RO         4186    .ARM.Collect$$libshutdown$$00000002  c_w.l(libshutdown2.o)
    0x08000166   0x08000166   0x00000000   Code   RO         4188    .ARM.Collect$$libshutdown$$00000004  c_w.l(libshutdown2.o)
    0x08000166   0x08000166   0x00000000   Code   RO         4191    .ARM.Collect$$libshutdown$$00000007  c_w.l(libshutdown2.o)
    0x08000166   0x08000166   0x00000000   Code   RO         4194    .ARM.Collect$$libshutdown$$0000000A  c_w.l(libshutdown2.o)
    0x08000166   0x08000166   0x00000000   Code   RO         4196    .ARM.Collect$$libshutdown$$0000000C  c_w.l(libshutdown2.o)
    0x08000166   0x08000166   0x00000000   Code   RO         4199    .ARM.Collect$$libshutdown$$0000000F  c_w.l(libshutdown2.o)
    0x08000166   0x08000166   0x00000002   Code   RO         4200    .ARM.Collect$$libshutdown$$00000010  c_w.l(libshutdown2.o)
    0x08000168   0x08000168   0x00000000   Code   RO         4067    .ARM.Collect$$rtentry$$00000000  c_w.l(__rtentry.o)
    0x08000168   0x08000168   0x00000000   Code   RO         4080    .ARM.Collect$$rtentry$$00000002  c_w.l(__rtentry2.o)
    0x08000168   0x08000168   0x00000006   Code   RO         4092    .ARM.Collect$$rtentry$$00000004  c_w.l(__rtentry4.o)
    0x0800016e   0x0800016e   0x00000000   Code   RO         4082    .ARM.Collect$$rtentry$$00000009  c_w.l(__rtentry2.o)
    0x0800016e   0x0800016e   0x00000004   Code   RO         4083    .ARM.Collect$$rtentry$$0000000A  c_w.l(__rtentry2.o)
    0x08000172   0x08000172   0x00000000   Code   RO         4085    .ARM.Collect$$rtentry$$0000000C  c_w.l(__rtentry2.o)
    0x08000172   0x08000172   0x00000008   Code   RO         4086    .ARM.Collect$$rtentry$$0000000D  c_w.l(__rtentry2.o)
    0x0800017a   0x0800017a   0x00000002   Code   RO         4107    .ARM.Collect$$rtexit$$00000000  c_w.l(rtexit.o)
    0x0800017c   0x0800017c   0x00000000   Code   RO         4155    .ARM.Collect$$rtexit$$00000002  c_w.l(rtexit2.o)
    0x0800017c   0x0800017c   0x00000004   Code   RO         4156    .ARM.Collect$$rtexit$$00000003  c_w.l(rtexit2.o)
    0x08000180   0x08000180   0x00000006   Code   RO         4157    .ARM.Collect$$rtexit$$00000004  c_w.l(rtexit2.o)
    0x08000186   0x08000186   0x00000002   PAD
    0x08000188   0x08000188   0x00000040   Code   RO         1033    .text               startup_stm32f10x_md.o
    0x080001c8   0x080001c8   0x00000064   Code   RO         4007    .text               c_w.l(rt_memcpy_w.o)
    0x0800022c   0x0800022c   0x00000006   Code   RO         4009    .text               c_w.l(heapauxi.o)
    0x08000232   0x08000232   0x0000004a   Code   RO         4094    .text               c_w.l(sys_stackheap_outer.o)
    0x0800027c   0x0800027c   0x00000012   Code   RO         4096    .text               c_w.l(exit.o)
    0x0800028e   0x0800028e   0x00000002   PAD
    0x08000290   0x08000290   0x00000008   Code   RO         4104    .text               c_w.l(libspace.o)
    0x08000298   0x08000298   0x0000000c   Code   RO         4165    .text               c_w.l(sys_exit.o)
    0x080002a4   0x080002a4   0x00000002   Code   RO         4176    .text               c_w.l(use_no_semi.o)
    0x080002a6   0x080002a6   0x00000000   Code   RO         4178    .text               c_w.l(indicate_semi.o)
    0x080002a6   0x080002a6   0x00000016   Code   RO         1080    i.ADC_Cmd           stm32f10x_adc.o
    0x080002bc   0x080002bc   0x00000014   Code   RO         1088    i.ADC_GetCalibrationStatus  stm32f10x_adc.o
    0x080002d0   0x080002d0   0x00000008   Code   RO         1089    i.ADC_GetConversionValue  stm32f10x_adc.o
    0x080002d8   0x080002d8   0x00000012   Code   RO         1091    i.ADC_GetFlagStatus  stm32f10x_adc.o
    0x080002ea   0x080002ea   0x00000014   Code   RO         1094    i.ADC_GetResetCalibrationStatus  stm32f10x_adc.o
    0x080002fe   0x080002fe   0x00000002   PAD
    0x08000300   0x08000300   0x00000050   Code   RO         1098    i.ADC_Init          stm32f10x_adc.o
    0x08000350   0x08000350   0x000000b8   Code   RO         1102    i.ADC_RegularChannelConfig  stm32f10x_adc.o
    0x08000408   0x08000408   0x0000000a   Code   RO         1103    i.ADC_ResetCalibration  stm32f10x_adc.o
    0x08000412   0x08000412   0x00000016   Code   RO         1105    i.ADC_SoftwareStartConvCmd  stm32f10x_adc.o
    0x08000428   0x08000428   0x0000000a   Code   RO         1107    i.ADC_StartCalibration  stm32f10x_adc.o
    0x08000432   0x08000432   0x00000010   Code   RO         1298    i.BKP_DeInit        stm32f10x_bkp.o
    0x08000442   0x08000442   0x00000002   PAD
    0x08000444   0x08000444   0x0000001c   Code   RO         1303    i.BKP_ReadBackupRegister  stm32f10x_bkp.o
    0x08000460   0x08000460   0x0000001c   Code   RO         1307    i.BKP_WriteBackupRegister  stm32f10x_bkp.o
    0x0800047c   0x0800047c   0x00000004   Code   RO          142    i.BusFault_Handler  stm32f10x_it.o
    0x08000480   0x08000480   0x00000002   Code   RO          143    i.DebugMon_Handler  stm32f10x_it.o
    0x08000482   0x08000482   0x00000002   PAD
    0x08000484   0x08000484   0x00000020   Code   RO          846    i.EXTI0_IRQHandler  bsp_exti.o
    0x080004a4   0x080004a4   0x0000000c   Code   RO         1836    i.EXTI_ClearITPendingBit  stm32f10x_exti.o
    0x080004b0   0x080004b0   0x00000028   Code   RO         1840    i.EXTI_GetITStatus  stm32f10x_exti.o
    0x080004d8   0x080004d8   0x00000094   Code   RO         1841    i.EXTI_Init         stm32f10x_exti.o
    0x0800056c   0x0800056c   0x0000004c   Code   RO          847    i.EXTI_Key_Config   bsp_exti.o
    0x080005b8   0x080005b8   0x00000040   Code   RO         2186    i.GPIO_EXTILineConfig  stm32f10x_gpio.o
    0x080005f8   0x080005f8   0x00000116   Code   RO         2189    i.GPIO_Init         stm32f10x_gpio.o
    0x0800070e   0x0800070e   0x00000002   PAD
    0x08000710   0x08000710   0x00000090   Code   RO         2191    i.GPIO_PinRemapConfig  stm32f10x_gpio.o
    0x080007a0   0x080007a0   0x00000012   Code   RO         2193    i.GPIO_ReadInputDataBit  stm32f10x_gpio.o
    0x080007b2   0x080007b2   0x00000004   Code   RO         2196    i.GPIO_ResetBits    stm32f10x_gpio.o
    0x080007b6   0x080007b6   0x00000004   Code   RO         2197    i.GPIO_SetBits      stm32f10x_gpio.o
    0x080007ba   0x080007ba   0x00000002   PAD
    0x080007bc   0x080007bc   0x00000034   Code   RO          651    i.Get_Adc           wheel.o
    0x080007f0   0x080007f0   0x00000028   Code   RO          652    i.Get_Adc_Average   wheel.o
    0x08000818   0x08000818   0x0000002c   Code   RO          768    i.Get_Adc_Average_sqr  lmt70.o
    0x08000844   0x08000844   0x00000034   Code   RO          769    i.Get_Adc_sqr       lmt70.o
    0x08000878   0x08000878   0x00000098   Code   RO          885    i.GregorianDay      bsp_data.o
    0x08000910   0x08000910   0x00000004   Code   RO          144    i.HardFault_Handler  stm32f10x_it.o
    0x08000914   0x08000914   0x00000048   Code   RO          355    i.IIC_sendbyte      oled.o
    0x0800095c   0x0800095c   0x00000028   Code   RO          356    i.IIC_start         oled.o
    0x08000984   0x08000984   0x00000028   Code   RO          357    i.IIC_stop          oled.o
    0x080009ac   0x080009ac   0x00000018   Code   RO          358    i.IIC_waitack       oled.o
    0x080009c4   0x080009c4   0x00000038   Code   RO          359    i.IIC_writedata     oled.o
    0x080009fc   0x080009fc   0x0000008c   Code   RO          770    i.LMT70_ad_init     lmt70.o
    0x08000a88   0x08000a88   0x00000154   Code   RO          337    i.Led_Init          led.o
    0x08000bdc   0x08000bdc   0x00000108   Code   RO          338    i.Led_Set           led.o
    0x08000ce4   0x08000ce4   0x00000004   Code   RO          145    i.MemManage_Handler  stm32f10x_it.o
    0x08000ce8   0x08000ce8   0x00000002   Code   RO          146    i.NMI_Handler       stm32f10x_it.o
    0x08000cea   0x08000cea   0x00000032   Code   RO          848    i.NVIC_Configuration  bsp_exti.o
    0x08000d1c   0x08000d1c   0x00000070   Code   RO         1038    i.NVIC_Init         misc.o
    0x08000d8c   0x08000d8c   0x00000014   Code   RO         1039    i.NVIC_PriorityGroupConfig  misc.o
    0x08000da0   0x08000da0   0x00000154   Code   RO          360    i.OLED_Temperature  oled.o
    0x08000ef4   0x08000ef4   0x0000029c   Code   RO          361    i.OLED_Time         oled.o
    0x08001190   0x08001190   0x0000003c   Code   RO          362    i.OLED_clear        oled.o
    0x080011cc   0x080011cc   0x00000114   Code   RO          363    i.OLED_init         oled.o
    0x080012e0   0x080012e0   0x0000002a   Code   RO          364    i.OLED_setpos       oled.o
    0x0800130a   0x0800130a   0x00000002   PAD
    0x0800130c   0x0800130c   0x0000003c   Code   RO          365    i.OLED_show6x8char  oled.o
    0x08001348   0x08001348   0x00000048   Code   RO          368    i.OLED_show6x8string  oled.o
    0x08001390   0x08001390   0x0000004c   Code   RO          369    i.OLED_show6x8string_inverse  oled.o
    0x080013dc   0x080013dc   0x00000060   Code   RO          370    i.OLED_show8x16char  oled.o
    0x0800143c   0x0800143c   0x00000068   Code   RO          371    i.OLED_show8x16char_inverse  oled.o
    0x080014a4   0x080014a4   0x00000078   Code   RO          373    i.OLED_show8x16string  oled.o
    0x0800151c   0x0800151c   0x0000000c   Code   RO         2543    i.PWR_BackupAccessCmd  stm32f10x_pwr.o
    0x08001528   0x08001528   0x00000040   Code   RO         2547    i.PWR_EnterSTOPMode  stm32f10x_pwr.o
    0x08001568   0x08001568   0x00000002   Code   RO          147    i.PendSV_Handler    stm32f10x_it.o
    0x0800156a   0x0800156a   0x00000002   PAD
    0x0800156c   0x0800156c   0x00000018   Code   RO         2603    i.RCC_ADCCLKConfig  stm32f10x_rcc.o
    0x08001584   0x08001584   0x00000020   Code   RO         2605    i.RCC_APB1PeriphClockCmd  stm32f10x_rcc.o
    0x080015a4   0x080015a4   0x00000020   Code   RO         2607    i.RCC_APB2PeriphClockCmd  stm32f10x_rcc.o
    0x080015c4   0x080015c4   0x0000000c   Code   RO         2610    i.RCC_BackupResetCmd  stm32f10x_rcc.o
    0x080015d0   0x080015d0   0x00000014   Code   RO         2611    i.RCC_ClearFlag     stm32f10x_rcc.o
    0x080015e4   0x080015e4   0x0000003c   Code   RO         2616    i.RCC_GetFlagStatus  stm32f10x_rcc.o
    0x08001620   0x08001620   0x00000010   Code   RO         2618    i.RCC_GetSYSCLKSource  stm32f10x_rcc.o
    0x08001630   0x08001630   0x0000004c   Code   RO         2620    i.RCC_HSEConfig     stm32f10x_rcc.o
    0x0800167c   0x0800167c   0x00000034   Code   RO         2623    i.RCC_LSEConfig     stm32f10x_rcc.o
    0x080016b0   0x080016b0   0x0000000c   Code   RO         2628    i.RCC_PLLCmd        stm32f10x_rcc.o
    0x080016bc   0x080016bc   0x0000000c   Code   RO         2630    i.RCC_RTCCLKCmd     stm32f10x_rcc.o
    0x080016c8   0x080016c8   0x00000010   Code   RO         2631    i.RCC_RTCCLKConfig  stm32f10x_rcc.o
    0x080016d8   0x080016d8   0x00000018   Code   RO         2632    i.RCC_SYSCLKConfig  stm32f10x_rcc.o
    0x080016f0   0x080016f0   0x00000050   Code   RO          916    i.RTC_CheckAndConfig  bsp_rtc.o
    0x08001740   0x08001740   0x00000050   Code   RO          917    i.RTC_Configuration  bsp_rtc.o
    0x08001790   0x08001790   0x00000014   Code   RO         2805    i.RTC_EnterConfigMode  stm32f10x_rtc.o
    0x080017a4   0x080017a4   0x00000014   Code   RO         2806    i.RTC_ExitConfigMode  stm32f10x_rtc.o
    0x080017b8   0x080017b8   0x00000014   Code   RO         2807    i.RTC_GetCounter    stm32f10x_rtc.o
    0x080017cc   0x080017cc   0x0000001c   Code   RO         2813    i.RTC_SetCounter    stm32f10x_rtc.o
    0x080017e8   0x080017e8   0x00000020   Code   RO         2814    i.RTC_SetPrescaler  stm32f10x_rtc.o
    0x08001808   0x08001808   0x00000014   Code   RO         2815    i.RTC_WaitForLastTask  stm32f10x_rtc.o
    0x0800181c   0x0800181c   0x00000024   Code   RO         2816    i.RTC_WaitForSynchro  stm32f10x_rtc.o
    0x08001840   0x08001840   0x00000002   Code   RO          148    i.SVC_Handler       stm32f10x_it.o
    0x08001842   0x08001842   0x0000003a   Code   RO          849    i.SYSCLKConfig_STOP  bsp_exti.o
    0x0800187c   0x0800187c   0x00000008   Code   RO          977    i.SetSysClock       system_stm32f10x.o
    0x08001884   0x08001884   0x000000e0   Code   RO          978    i.SetSysClockTo72   system_stm32f10x.o
    0x08001964   0x08001964   0x00000028   Code   RO         1042    i.SysTick_CLKSourceConfig  misc.o
    0x0800198c   0x0800198c   0x00000002   Code   RO          149    i.SysTick_Handler   stm32f10x_it.o
    0x0800198e   0x0800198e   0x00000002   PAD
    0x08001990   0x08001990   0x00000060   Code   RO          980    i.SystemInit        system_stm32f10x.o
    0x080019f0   0x080019f0   0x00000024   Code   RO          207    i.TIM3_IRQHandler   task_scheduler.o
    0x08001a14   0x08001a14   0x00000068   Code   RO          208    i.TIM3_Int_Init     task_scheduler.o
    0x08001a7c   0x08001a7c   0x00000006   Code   RO         3234    i.TIM_ClearITPendingBit  stm32f10x_tim.o
    0x08001a82   0x08001a82   0x00000018   Code   RO         3239    i.TIM_Cmd           stm32f10x_tim.o
    0x08001a9a   0x08001a9a   0x00000022   Code   RO         3260    i.TIM_GetITStatus   stm32f10x_tim.o
    0x08001abc   0x08001abc   0x00000012   Code   RO         3264    i.TIM_ITConfig      stm32f10x_tim.o
    0x08001ace   0x08001ace   0x00000002   PAD
    0x08001ad0   0x08001ad0   0x000000a4   Code   RO         3310    i.TIM_TimeBaseInit  stm32f10x_tim.o
    0x08001b74   0x08001b74   0x00000028   Code   RO          919    i.Time_Adjust       bsp_rtc.o
    0x08001b9c   0x08001b9c   0x00000004   Code   RO          150    i.UsageFault_Handler  stm32f10x_it.o
    0x08001ba0   0x08001ba0   0x00000070   Code   RO          654    i.adc_config_Init   wheel.o
    0x08001c10   0x08001c10   0x00000024   Code   RO          655    i.adc_gpio_Init     wheel.o
    0x08001c34   0x08001c34   0x00000080   Code   RO          558    i.check_alarm       clock.o
    0x08001cb4   0x08001cb4   0x00000030   Code   RO          771    i.check_temp        lmt70.o
    0x08001ce4   0x08001ce4   0x0000005c   Code   RO          560    i.clock_menu        clock.o
    0x08001d40   0x08001d40   0x00000044   Code   RO          311    i.delay_init        delay.o
    0x08001d84   0x08001d84   0x000000d0   Code   RO          376    i.draw_coordinate   oled.o
    0x08001e54   0x08001e54   0x00000348   Code   RO          772    i.draw_real_temp_line  lmt70.o
    0x0800219c   0x0800219c   0x000000d8   Code   RO          773    i.get_temp          lmt70.o
    0x08002274   0x08002274   0x00000014   Code   RO          920    i.get_time          bsp_rtc.o
    0x08002288   0x08002288   0x0000001c   Code   RO          656    i.get_wheel_position  wheel.o
    0x080022a4   0x080022a4   0x00000048   Code   RO            1    i.main              main.o
    0x080022ec   0x080022ec   0x000000ac   Code   RO          700    i.menu_active       menu.o
    0x08002398   0x08002398   0x0000007c   Code   RO          886    i.mktimev           bsp_data.o
    0x08002414   0x08002414   0x00000038   Code   RO          720    i.motor_init        buzzer.o
    0x0800244c   0x0800244c   0x00000014   Code   RO          721    i.motor_shake       buzzer.o
    0x08002460   0x08002460   0x00000014   Code   RO          722    i.motor_stop        buzzer.o
    0x08002474   0x08002474   0x000000cc   Code   RO          561    i.oled_draw_clock   clock.o
    0x08002540   0x08002540   0x00000060   Code   RO          380    i.oled_gram_dot_update  oled.o
    0x080025a0   0x080025a0   0x000000d6   Code   RO          381    i.oled_gram_line_update  oled.o
    0x08002676   0x08002676   0x00000002   PAD
    0x08002678   0x08002678   0x00000044   Code   RO          774    i.oled_print_temp   lmt70.o
    0x080026bc   0x080026bc   0x0000001c   Code   RO          382    i.oled_turn_off     oled.o
    0x080026d8   0x080026d8   0x0000001c   Code   RO          383    i.oled_turn_on      oled.o
    0x080026f4   0x080026f4   0x0000000c   Code   RO          384    i.rest_screen_time_init  oled.o
    0x08002700   0x08002700   0x0000005c   Code   RO          850    i.set_LPR_mode      bsp_exti.o
    0x0800275c   0x0800275c   0x00000300   Code   RO          562    i.set_alarm_clock   clock.o
    0x08002a5c   0x08002a5c   0x00000304   Code   RO          563    i.set_clock         clock.o
    0x08002d60   0x08002d60   0x000001b4   Code   RO          385    i.set_rest_screen_time  oled.o
    0x08002f14   0x08002f14   0x000002a4   Code   RO          775    i.set_temp_threshold  lmt70.o
    0x080031b8   0x080031b8   0x00000030   Code   RO          209    i.task0_entry       task_scheduler.o
    0x080031e8   0x080031e8   0x0000000a   Code   RO          210    i.task1_entry       task_scheduler.o
    0x080031f2   0x080031f2   0x00000002   PAD
    0x080031f4   0x080031f4   0x00000058   Code   RO          211    i.task2_entry       task_scheduler.o
    0x0800324c   0x0800324c   0x0000000a   Code   RO          212    i.task3_entry       task_scheduler.o
    0x08003256   0x08003256   0x0000000a   Code   RO          213    i.task4_entry       task_scheduler.o
    0x08003260   0x08003260   0x00000090   Code   RO          214    i.task5_entry       task_scheduler.o
    0x080032f0   0x080032f0   0x0000000a   Code   RO          215    i.task6_entry       task_scheduler.o
    0x080032fa   0x080032fa   0x00000002   PAD
    0x080032fc   0x080032fc   0x0000002c   Code   RO          216    i.task7_entry       task_scheduler.o
    0x08003328   0x08003328   0x0000005c   Code   RO          217    i.task_process      task_scheduler.o
    0x08003384   0x08003384   0x00000074   Code   RO          218    i.task_rhythm       task_scheduler.o
    0x080033f8   0x080033f8   0x0000001a   Code   RO          219    i.task_rhythm_init  task_scheduler.o
    0x08003412   0x08003412   0x00000002   PAD
    0x08003414   0x08003414   0x00000024   Code   RO          777    i.temp_que_in       lmt70.o
    0x08003438   0x08003438   0x0000000c   Code   RO          778    i.temp_thrshold_init  lmt70.o
    0x08003444   0x08003444   0x000000cc   Code   RO          887    i.to_tm             bsp_data.o
    0x08003510   0x08003510   0x00000070   Code   RO          564    i.update_chars_alarm  clock.o
    0x08003580   0x08003580   0x00000070   Code   RO          565    i.update_chars_time  clock.o
    0x080035f0   0x080035f0   0x00000038   Code   RO          566    i.update_clock      clock.o
    0x08003628   0x08003628   0x00000062   Code   RO         4013    x$fpl$d2f           fz_ws.l(d2f.o)
    0x0800368a   0x0800368a   0x00000002   PAD
    0x0800368c   0x0800368c   0x00000150   Code   RO         4015    x$fpl$dadd          fz_ws.l(daddsub_clz.o)
    0x080037dc   0x080037dc   0x000002b0   Code   RO         4022    x$fpl$ddiv          fz_ws.l(ddiv.o)
    0x08003a8c   0x08003a8c   0x0000002e   Code   RO         4026    x$fpl$dflt          fz_ws.l(dflt_clz.o)
    0x08003aba   0x08003aba   0x00000002   PAD
    0x08003abc   0x08003abc   0x00000154   Code   RO         4031    x$fpl$dmul          fz_ws.l(dmul.o)
    0x08003c10   0x08003c10   0x0000009c   Code   RO         4068    x$fpl$dnaninf       fz_ws.l(dnaninf.o)
    0x08003cac   0x08003cac   0x0000000c   Code   RO         4070    x$fpl$dretinf       fz_ws.l(dretinf.o)
    0x08003cb8   0x08003cb8   0x00000016   Code   RO         4016    x$fpl$drsb          fz_ws.l(daddsub_clz.o)
    0x08003cce   0x08003cce   0x00000002   PAD
    0x08003cd0   0x08003cd0   0x000001d4   Code   RO         4017    x$fpl$dsub          fz_ws.l(daddsub_clz.o)
    0x08003ea4   0x08003ea4   0x00000056   Code   RO         4033    x$fpl$f2d           fz_ws.l(f2d.o)
    0x08003efa   0x08003efa   0x00000002   PAD
    0x08003efc   0x08003efc   0x000000c4   Code   RO         4035    x$fpl$fadd          fz_ws.l(faddsub_clz.o)
    0x08003fc0   0x08003fc0   0x00000018   Code   RO         4072    x$fpl$fcmpinf       fz_ws.l(fcmpi.o)
    0x08003fd8   0x08003fd8   0x00000184   Code   RO         4042    x$fpl$fdiv          fz_ws.l(fdiv.o)
    0x0800415c   0x0800415c   0x00000068   Code   RO         4045    x$fpl$feqf          fz_ws.l(feqf.o)
    0x080041c4   0x080041c4   0x00000036   Code   RO         4047    x$fpl$ffix          fz_ws.l(ffix.o)
    0x080041fa   0x080041fa   0x00000002   PAD
    0x080041fc   0x080041fc   0x0000003e   Code   RO         4051    x$fpl$ffixu         fz_ws.l(ffixu.o)
    0x0800423a   0x0800423a   0x00000002   PAD
    0x0800423c   0x0800423c   0x00000030   Code   RO         4056    x$fpl$fflt          fz_ws.l(fflt_clz.o)
    0x0800426c   0x0800426c   0x00000026   Code   RO         4055    x$fpl$ffltu         fz_ws.l(fflt_clz.o)
    0x08004292   0x08004292   0x00000002   PAD
    0x08004294   0x08004294   0x00000068   Code   RO         4061    x$fpl$fleqf         fz_ws.l(fleqf.o)
    0x080042fc   0x080042fc   0x00000102   Code   RO         4063    x$fpl$fmul          fz_ws.l(fmul.o)
    0x080043fe   0x080043fe   0x0000008c   Code   RO         4074    x$fpl$fnaninf       fz_ws.l(fnaninf.o)
    0x0800448a   0x0800448a   0x0000000a   Code   RO         4076    x$fpl$fretinf       fz_ws.l(fretinf.o)
    0x08004494   0x08004494   0x00000062   Code   RO         4065    x$fpl$frleqf        fz_ws.l(frleqf.o)
    0x080044f6   0x080044f6   0x00000014   Code   RO         4036    x$fpl$frsb          fz_ws.l(faddsub_clz.o)
    0x0800450a   0x0800450a   0x00000002   PAD
    0x0800450c   0x0800450c   0x000000ea   Code   RO         4037    x$fpl$fsub          fz_ws.l(faddsub_clz.o)
    0x080045f6   0x080045f6   0x00000000   Code   RO         4078    x$fpl$usenofp       fz_ws.l(usenofp.o)
    0x080045f6   0x080045f6   0x00000002   PAD
    0x080045f8   0x080045f8   0x00000cda   Data   RO          387    .constdata          oled.o
    0x080052d2   0x080052d2   0x00000002   PAD
    0x080052d4   0x080052d4   0x0000001c   Data   RO          567    .constdata          clock.o
    0x080052f0   0x080052f0   0x00000030   Data   RO          888    .constdata          bsp_data.o
    0x08005320   0x08005320   0x0000007d   Data   RO          568    .conststring        clock.o
    0x0800539d   0x0800539d   0x00000003   PAD
    0x080053a0   0x080053a0   0x00000020   Data   RO         4231    Region$$Table       anon$$obj.o


    Execution Region RW_IRAM1 (Exec base: 0x20000000, Load base: 0x080053c0, Size: 0x00000bf8, Max: 0x00005000, ABSOLUTE)

    Exec Addr    Load Addr    Size         Type   Attr      Idx    E Section Name        Object

    0x20000000   0x080053c0   0x000000b0   Data   RW          220    .data               task_scheduler.o
    0x200000b0   0x08005470   0x00000004   Data   RW          314    .data               delay.o
    0x200000b4   0x08005474   0x00000004   Data   RW          388    .data               oled.o
    0x200000b8   0x08005478   0x00000007   Data   RW          569    .data               clock.o
    0x200000bf   0x0800547f   0x00000002   Data   RW          633    .data               key.o
    0x200000c1   0x08005481   0x00000003   PAD
    0x200000c4   0x08005484   0x00000010   Data   RW          780    .data               lmt70.o
    0x200000d4   0x08005494   0x00000030   Data   RW          889    .data               bsp_data.o
    0x20000104   0x080054c4   0x00000014   Data   RW          981    .data               system_stm32f10x.o
    0x20000118        -       0x00000400   Zero   RW          386    .bss                oled.o
    0x20000518        -       0x00000060   Zero   RW          779    .bss                lmt70.o
    0x20000578        -       0x0000001c   Zero   RW          923    .bss                bsp_rtc.o
    0x20000594        -       0x00000060   Zero   RW         4105    .bss                c_w.l(libspace.o)
    0x200005f4   0x080054d8   0x00000004   PAD
    0x200005f8        -       0x00000200   Zero   RW         1031    HEAP                startup_stm32f10x_md.o
    0x200007f8        -       0x00000400   Zero   RW         1030    STACK               startup_stm32f10x_md.o


==============================================================================

Image component sizes


      Code (inc. data)   RO Data    RW Data    ZI Data      Debug   Object Name

       480         20         48         48          0       2713   bsp_data.o
       308         46          0          0          0       2484   bsp_exti.o
       220          0          0          0         28       3174   bsp_rtc.o
        96         18          0          0          0       1384   buzzer.o
      2244        140        153          7          0       6118   clock.o
        68         18          0          4          0        657   delay.o
         0          0          0          2          0        250   key.o
       604         30          0          0          0       1733   led.o
      2132        208          0         16         96       9308   lmt70.o
        72         10          0          0          0     250947   main.o
       172         10          0          0          0        854   menu.o
       172         22          0          0          0       2361   misc.o
      3168        130       3290          4       1024      17540   oled.o
        64         26        236          0       1536        840   startup_stm32f10x_md.o
       394         10          0          0          0       8629   stm32f10x_adc.o
        72         10          0          0          0       3000   stm32f10x_bkp.o
       200         18          0          0          0       2420   stm32f10x_exti.o
       512         10          0          0          0       5540   stm32f10x_gpio.o
        26          0          0          0          0       3898   stm32f10x_it.o
        76         16          0          0          0       1238   stm32f10x_pwr.o
       388         74          0          0          0       7495   stm32f10x_rcc.o
       176         34          0          0          0       3811   stm32f10x_rtc.o
       246         42          0          0          0       3942   stm32f10x_tim.o
       328         28          0         20          0       2289   system_stm32f10x.o
       738         80          0        176          0       8314   task_scheduler.o
       268         14          0          0          0       2775   wheel.o

    ----------------------------------------------------------------------
     13250       1014       3764        280       2684     353714   Object Totals
         0          0         32          0          0          0   (incl. Generated)
        26          0          5          3          0          0   (incl. Padding)

    ----------------------------------------------------------------------

      Code (inc. data)   RO Data    RW Data    ZI Data      Debug   Library Member Name

         8          0          0          0          0         68   __main.o
         0          0          0          0          0          0   __rtentry.o
        12          0          0          0          0          0   __rtentry2.o
         6          0          0          0          0          0   __rtentry4.o
        52          8          0          0          0          0   __scatter.o
        26          0          0          0          0          0   __scatter_copy.o
        28          0          0          0          0          0   __scatter_zi.o
        18          0          0          0          0         80   exit.o
         6          0          0          0          0        152   heapauxi.o
         0          0          0          0          0          0   indicate_semi.o
         2          0          0          0          0          0   libinit.o
         2          0          0          0          0          0   libinit2.o
         2          0          0          0          0          0   libshutdown.o
         2          0          0          0          0          0   libshutdown2.o
         8          4          0          0         96         68   libspace.o
       100          0          0          0          0         80   rt_memcpy_w.o
         2          0          0          0          0          0   rtexit.o
        10          0          0          0          0          0   rtexit2.o
        12          4          0          0          0         68   sys_exit.o
        74          0          0          0          0         80   sys_stackheap_outer.o
         2          0          0          0          0         68   use_no_semi.o
        98          4          0          0          0         92   d2f.o
       826         16          0          0          0        348   daddsub_clz.o
       688        140          0          0          0        208   ddiv.o
        46          0          0          0          0         68   dflt_clz.o
       340         12          0          0          0        104   dmul.o
       156          4          0          0          0         92   dnaninf.o
        12          0          0          0          0         68   dretinf.o
        86          4          0          0          0         84   f2d.o
       450          8          0          0          0        236   faddsub_clz.o
        24          0          0          0          0         68   fcmpi.o
       388         76          0          0          0         96   fdiv.o
       104          4          0          0          0         84   feqf.o
        54          4          0          0          0         84   ffix.o
        62          4          0          0          0         84   ffixu.o
        86          0          0          0          0        136   fflt_clz.o
       104          4          0          0          0         84   fleqf.o
       258          4          0          0          0         84   fmul.o
       140          4          0          0          0         84   fnaninf.o
        10          0          0          0          0         68   fretinf.o
        98          0          0          0          0         68   frleqf.o
         0          0          0          0          0          0   usenofp.o

    ----------------------------------------------------------------------
      4426        304          0          0        100       2904   Library Totals
        24          0          0          0          4          0   (incl. Padding)

    ----------------------------------------------------------------------

      Code (inc. data)   RO Data    RW Data    ZI Data      Debug   Library Name

       372         16          0          0         96        664   c_w.l
      4030        288          0          0          0       2240   fz_ws.l

    ----------------------------------------------------------------------
      4426        304          0          0        100       2904   Library Totals

    ----------------------------------------------------------------------

==============================================================================


      Code (inc. data)   RO Data    RW Data    ZI Data      Debug   

     17676       1318       3764        280       2784     347982   Grand Totals
     17676       1318       3764        280       2784     347982   ELF Image Totals
     17676       1318       3764        280          0          0   ROM Totals

==============================================================================

    Total RO  Size (Code + RO Data)                21440 (  20.94kB)
    Total RW  Size (RW Data + ZI Data)              3064 (   2.99kB)
    Total ROM Size (Code + RO Data + RW Data)      21720 (  21.21kB)

==============================================================================

